Component: ARM Compiler 5.06 update 3 (build 300) Tool: armlink [4d35c9]

==============================================================================

Section Cross References

    main.o(.text) refers to _printf_pad.o(.text) for _printf_pre_padding
    main.o(.text) refers to _printf_percent.o(.ARM.Collect$$_printf_percent$$00000000) for _printf_percent
    main.o(.text) refers to _printf_f.o(.ARM.Collect$$_printf_percent$$00000003) for _printf_f
    main.o(.text) refers to _printf_c.o(.ARM.Collect$$_printf_percent$$00000013) for _printf_c
    main.o(.text) refers to printf1.o(x$fpl$printf1) for _printf_fp_dec
    main.o(.text) refers to _printf_str.o(.text) for _printf_str
    main.o(.text) refers to _printf_s.o(.ARM.Collect$$_printf_percent$$00000014) for _printf_s
    main.o(.text) refers to _printf_d.o(.ARM.Collect$$_printf_percent$$00000009) for _printf_d
    main.o(.text) refers to _printf_dec.o(.text) for _printf_int_dec
    main.o(.text) refers to _printf_x.o(.ARM.Collect$$_printf_percent$$0000000C) for _printf_x
    main.o(.text) refers to _printf_hex_int_ll_ptr.o(.text) for _printf_longlong_hex
    main.o(.text) refers to misc.o(.text) for NVIC_PriorityGroupConfig
    main.o(.text) refers to usart.o(.text) for USART_Send_bytes
    main.o(.text) refers to delay.o(.text) for delay_ms
    main.o(.text) refers to fflt_clz.o(x$fpl$ffltu) for __aeabi_ui2f
    main.o(.text) refers to fdiv.o(x$fpl$fdiv) for __aeabi_fdiv
    main.o(.text) refers to f2d.o(x$fpl$f2d) for __aeabi_f2d
    main.o(.text) refers to __2sprintf.o(.text) for __2sprintf
    main.o(.text) refers to lcd.o(.text) for LCD_ShowString
    main.o(.text) refers to fflt_clz.o(x$fpl$fflt) for __aeabi_i2f
    main.o(.text) refers to faddsub_clz.o(x$fpl$fadd) for __aeabi_fadd
    main.o(.text) refers to dflt_clz.o(x$fpl$dflt) for __aeabi_i2d
    main.o(.text) refers to dmul.o(x$fpl$dmul) for __aeabi_dmul
    main.o(.text) refers to ddiv.o(x$fpl$ddiv) for __aeabi_ddiv
    main.o(.text) refers to d2f.o(x$fpl$d2f) for __aeabi_d2f
    main.o(.text) refers to fmul.o(x$fpl$fmul) for __aeabi_fmul
    main.o(.text) refers to sqrt.o(i.sqrt) for sqrt
    main.o(.text) refers to faddsub_clz.o(x$fpl$fsub) for __aeabi_fsub
    main.o(.text) refers to feqf.o(x$fpl$feqf) for __aeabi_cfcmpeq
    main.o(.text) refers to lcd.o(.data) for POINT_COLOR
    main.o(.text) refers to main.o(.bss) for gpsx
    main.o(.text) refers to main.o(.data) for longtitude
    main.o(.text) refers to deqf.o(x$fpl$deqf) for __aeabi_cdcmpeq
    main.o(.text) refers to drleqf.o(x$fpl$drleqf) for __aeabi_cdrcmple
    main.o(.text) refers to dleqf.o(x$fpl$dleqf) for __aeabi_cdcmple
    main.o(.text) refers to floor.o(i.floor) for floor
    main.o(.text) refers to pow.o(i.pow) for pow
    main.o(.text) refers to sin.o(i.sin) for sin
    main.o(.text) refers to strlen.o(.text) for strlen
    main.o(.text) refers to mqtt.o(.text) for MQTT_PublishQs0
    main.o(.text) refers to rs485.o(.text) for RS485_Init
    main.o(.text) refers to rt_memclr_w.o(.text) for __aeabi_memclr4
    main.o(.text) refers to system_stm32f10x.o(.text) for SystemInit
    main.o(.text) refers to adcdouble.o(.text) for ADC1_Init
    main.o(.text) refers to mma7361.o(.text) for MMA7361Init
    main.o(.text) refers to uart4.o(.text) for Uart4_Init
    main.o(.text) refers to timer4.o(.text) for TIM4_Init
    main.o(.text) refers to led.o(.text) for LED_Init
    main.o(.text) refers to key.o(.text) for KEY_Init
    main.o(.text) refers to stm32f10x_gpio.o(.text) for GPIO_SetBits
    main.o(.text) refers to max31865.o(.text) for MAX31865_Init
    main.o(.text) refers to gps.o(.text) for SkyTra_Cfg_Rate
    main.o(.text) refers to wifi.o(.text) for WiFi_ResetIO_Init
    main.o(.text) refers to dflt_clz.o(x$fpl$dfltu) for __aeabi_ui2d
    main.o(.text) refers to daddsub_clz.o(x$fpl$dsub) for __aeabi_dsub
    main.o(.text) refers to log.o(i.log) for log
    main.o(.text) refers to ceil.o(i.ceil) for ceil
    main.o(.text) refers to dfix.o(x$fpl$dfix) for __aeabi_d2iz
    main.o(.text) refers to fleqf.o(x$fpl$fleqf) for __aeabi_cfcmple
    main.o(.text) refers to frleqf.o(x$fpl$frleqf) for __aeabi_cfrcmple
    main.o(.text) refers to daddsub_clz.o(x$fpl$dadd) for __aeabi_dadd
    main.o(.text) refers to main.o(.conststring) for .conststring
    main.o(.text) refers to adcdouble.o(.data) for ADC_ConvertedValue
    main.o(.text) refers to __2printf.o(.text) for __2printf
    main.o(.text) refers to timer3.o(.text) for TIM3_ENABLE_30S
    main.o(.text) refers to timer2.o(.text) for TIM2_ENABLE_30S
    main.o(.text) refers to stm32f10x_tim.o(.text) for TIM_Cmd
    main.o(.text) refers to rt_memclr.o(.text) for __aeabi_memclr
    main.o(.text) refers to ffixu.o(x$fpl$ffixu) for __aeabi_f2uiz
    main.o(.text) refers to mqtt.o(.data) for Connect_flag
    main.o(.text) refers to mqtt.o(.bss) for MQTT_TxDataBuf
    main.o(.text) refers to uart4.o(.data) for Uart4_RxCounter
[...]
    FLASH_IRQHandler                         0x08009eb7   Thumb Code     0  startup_stm32f10x_hd.o(.text)
    FSMC_IRQHandler                          0x08009eb7   Thumb Code     0  startup_stm32f10x_hd.o(.text)
    I2C1_ER_IRQHandler                       0x08009eb7   Thumb Code     0  startup_stm32f10x_hd.o(.text)
    I2C1_EV_IRQHandler                       0x08009eb7   Thumb Code     0  startup_stm32f10x_hd.o(.text)
    I2C2_ER_IRQHandler                       0x08009eb7   Thumb Code     0  startup_stm32f10x_hd.o(.text)
    I2C2_EV_IRQHandler                       0x08009eb7   Thumb Code     0  startup_stm32f10x_hd.o(.text)
    PVD_IRQHandler                           0x08009eb7   Thumb Code     0  startup_stm32f10x_hd.o(.text)
    RCC_IRQHandler                           0x08009eb7   Thumb Code     0  startup_stm32f10x_hd.o(.text)
    RTCAlarm_IRQHandler                      0x08009eb7   Thumb Code     0  startup_stm32f10x_hd.o(.text)
    RTC_IRQHandler                           0x08009eb7   Thumb Code     0  startup_stm32f10x_hd.o(.text)
    SDIO_IRQHandler                          0x08009eb7   Thumb Code     0  startup_stm32f10x_hd.o(.text)
    SPI1_IRQHandler                          0x08009eb7   Thumb Code     0  startup_stm32f10x_hd.o(.text)
    SPI2_IRQHandler                          0x08009eb7   Thumb Code     0  startup_stm32f10x_hd.o(.text)
    SPI3_IRQHandler                          0x08009eb7   Thumb Code     0  startup_stm32f10x_hd.o(.text)
    TAMPER_IRQHandler                        0x08009eb7   Thumb Code     0  startup_stm32f10x_hd.o(.text)
    TIM1_BRK_IRQHandler                      0x08009eb7   Thumb Code     0  startup_stm32f10x_hd.o(.text)
    TIM1_CC_IRQHandler                       0x08009eb7   Thumb Code     0  startup_stm32f10x_hd.o(.text)
    TIM1_TRG_COM_IRQHandler                  0x08009eb7   Thumb Code     0  startup_stm32f10x_hd.o(.text)
    TIM1_UP_IRQHandler                       0x08009eb7   Thumb Code     0  startup_stm32f10x_hd.o(.text)
    TIM6_IRQHandler                          0x08009eb7   Thumb Code     0  startup_stm32f10x_hd.o(.text)
    TIM8_BRK_IRQHandler                      0x08009eb7   Thumb Code     0  startup_stm32f10x_hd.o(.text)
    TIM8_CC_IRQHandler                       0x08009eb7   Thumb Code     0  startup_stm32f10x_hd.o(.text)
    TIM8_TRG_COM_IRQHandler                  0x08009eb7   Thumb Code     0  startup_stm32f10x_hd.o(.text)
    TIM8_UP_IRQHandler                       0x08009eb7   Thumb Code     0  startup_stm32f10x_hd.o(.text)
    USBWakeUp_IRQHandler                     0x08009eb7   Thumb Code     0  startup_stm32f10x_hd.o(.text)
    USB_HP_CAN1_TX_IRQHandler                0x08009eb7   Thumb Code     0  startup_stm32f10x_hd.o(.text)
    USB_LP_CAN1_RX0_IRQHandler               0x08009eb7   Thumb Code     0  startup_stm32f10x_hd.o(.text)
    WWDG_IRQHandler                          0x08009eb7   Thumb Code     0  startup_stm32f10x_hd.o(.text)
    __user_initial_stackheap                 0x08009eb9   Thumb Code     0  startup_stm32f10x_hd.o(.text)
    NVIC_PriorityGroupConfig                 0x08009edd   Thumb Code    10  misc.o(.text)
    NVIC_Init                                0x08009ee7   Thumb Code   100  misc.o(.text)
    NVIC_SetVectorTable                      0x08009f4b   Thumb Code    14  misc.o(.text)
    NVIC_SystemLPConfig                      0x08009f59   Thumb Code    34  misc.o(.text)
    SysTick_CLKSourceConfig                  0x08009f7b   Thumb Code    40  misc.o(.text)
    ADC_DeInit                               0x08009fb9   Thumb Code    78  stm32f10x_adc.o(.text)
    ADC_Init                                 0x0800a007   Thumb Code    70  stm32f10x_adc.o(.text)
    ADC_StructInit                           0x0800a04d   Thumb Code    18  stm32f10x_adc.o(.text)
    ADC_Cmd                                  0x0800a05f   Thumb Code    22  stm32f10x_adc.o(.text)
    ADC_DMACmd                               0x0800a075   Thumb Code    22  stm32f10x_adc.o(.text)
    ADC_ITConfig                             0x0800a08b   Thumb Code    24  stm32f10x_adc.o(.text)
    ADC_ResetCalibration                     0x0800a0a3   Thumb Code    10  stm32f10x_adc.o(.text)
    ADC_GetResetCalibrationStatus            0x0800a0ad   Thumb Code    20  stm32f10x_adc.o(.text)
    ADC_StartCalibration                     0x0800a0c1   Thumb Code    10  stm32f10x_adc.o(.text)
    ADC_GetCalibrationStatus                 0x0800a0cb   Thumb Code    20  stm32f10x_adc.o(.text)
    ADC_SoftwareStartConvCmd                 0x0800a0df   Thumb Code    22  stm32f10x_adc.o(.text)
    ADC_GetSoftwareStartConvStatus           0x0800a0f5   Thumb Code    20  stm32f10x_adc.o(.text)
    ADC_DiscModeChannelCountConfig           0x0800a109   Thumb Code    24  stm32f10x_adc.o(.text)
    ADC_DiscModeCmd                          0x0800a121   Thumb Code    22  stm32f10x_adc.o(.text)
    ADC_RegularChannelConfig                 0x0800a137   Thumb Code   184  stm32f10x_adc.o(.text)
    ADC_ExternalTrigConvCmd                  0x0800a1ef   Thumb Code    22  stm32f10x_adc.o(.text)
    ADC_GetConversionValue                   0x0800a205   Thumb Code     8  stm32f10x_adc.o(.text)
    ADC_GetDualModeConversionValue           0x0800a20d   Thumb Code     8  stm32f10x_adc.o(.text)
    ADC_AutoInjectedConvCmd                  0x0800a215   Thumb Code    22  stm32f10x_adc.o(.text)
    ADC_InjectedDiscModeCmd                  0x0800a22b   Thumb Code    22  stm32f10x_adc.o(.text)
    ADC_ExternalTrigInjectedConvConfig       0x0800a241   Thumb Code    16  stm32f10x_adc.o(.text)
    ADC_ExternalTrigInjectedConvCmd          0x0800a251   Thumb Code    22  stm32f10x_adc.o(.text)
    ADC_SoftwareStartInjectedConvCmd         0x0800a267   Thumb Code    22  stm32f10x_adc.o(.text)
    ADC_GetSoftwareStartInjectedConvCmdStatus 0x0800a27d   Thumb Code    20  stm32f10x_adc.o(.text)
    ADC_InjectedChannelConfig                0x0800a291   Thumb Code   130  stm32f10x_adc.o(.text)
    ADC_InjectedSequencerLengthConfig        0x0800a313   Thumb Code    24  stm32f10x_adc.o(.text)
    ADC_SetInjectedOffset                    0x0800a32b   Thumb Code    20  stm32f10x_adc.o(.text)
    ADC_GetInjectedConversionValue           0x0800a33f   Thumb Code    28  stm32f10x_adc.o(.text)
    ADC_AnalogWatchdogCmd                    0x0800a35b   Thumb Code    16  stm32f10x_adc.o(.text)
    ADC_AnalogWatchdogThresholdsConfig       0x0800a36b   Thumb Code     6  stm32f10x_adc.o(.text)
    ADC_AnalogWatchdogSingleChannelConfig    0x0800a371   Thumb Code    16  stm32f10x_adc.o(.text)
    ADC_TempSensorVrefintCmd                 0x0800a381   Thumb Code    64  stm32f10x_adc.o(.text)
    ADC_GetFlagStatus                        0x0800a3c1   Thumb Code    18  stm32f10x_adc.o(.text)
    ADC_ClearFlag                            0x0800a3d3   Thumb Code     6  stm32f10x_adc.o(.text)
    ADC_GetITStatus                          0x0800a3d9   Thumb Code    36  stm32f10x_adc.o(.text)
    ADC_ClearITPendingBit                    0x0800a3fd   Thumb Code    10  stm32f10x_adc.o(.text)
    FSMC_NORSRAMDeInit                       0x0800a409   Thumb Code    54  stm32f10x_fsmc.o(.text)
    FSMC_NANDDeInit                          0x0800a43f   Thumb Code    62  stm32f10x_fsmc.o(.text)
    FSMC_PCCARDDeInit                        0x0800a47d   Thumb Code    36  stm32f10x_fsmc.o(.text)
    FSMC_NORSRAMInit                         0x0800a4a1   Thumb Code   230  stm32f10x_fsmc.o(.text)
    FSMC_NANDInit                            0x0800a587   Thumb Code   132  stm32f10x_fsmc.o(.text)
    FSMC_PCCARDInit                          0x0800a60b   Thumb Code   130  stm32f10x_fsmc.o(.text)
    FSMC_NORSRAMStructInit                   0x0800a68d   Thumb Code   114  stm32f10x_fsmc.o(.text)
    FSMC_NANDStructInit                      0x0800a6ff   Thumb Code    54  stm32f10x_fsmc.o(.text)
    FSMC_PCCARDStructInit                    0x0800a735   Thumb Code    60  stm32f10x_fsmc.o(.text)
    FSMC_NORSRAMCmd                          0x0800a771   Thumb Code    46  stm32f10x_fsmc.o(.text)
    FSMC_NANDCmd                             0x0800a79f   Thumb Code    86  stm32f10x_fsmc.o(.text)
    FSMC_PCCARDCmd                           0x0800a7f5   Thumb Code    44  stm32f10x_fsmc.o(.text)
    FSMC_NANDECCCmd                          0x0800a821   Thumb Code    90  stm32f10x_fsmc.o(.text)
    FSMC_GetECC                              0x0800a87b   Thumb Code    24  stm32f10x_fsmc.o(.text)
    FSMC_ITConfig                            0x0800a893   Thumb Code   128  stm32f10x_fsmc.o(.text)
    FSMC_GetFlagStatus                       0x0800a913   Thumb Code    54  stm32f10x_fsmc.o(.text)
    FSMC_ClearFlag                           0x0800a949   Thumb Code    62  stm32f10x_fsmc.o(.text)
    FSMC_GetITStatus                         0x0800a987   Thumb Code    64  stm32f10x_fsmc.o(.text)
    FSMC_ClearITPendingBit                   0x0800a9c7   Thumb Code    68  stm32f10x_fsmc.o(.text)
    GPIO_DeInit                              0x0800aa15   Thumb Code   172  stm32f10x_gpio.o(.text)
    GPIO_AFIODeInit                          0x0800aac1   Thumb Code    20  stm32f10x_gpio.o(.text)
    GPIO_Init                                0x0800aad5   Thumb Code   278  stm32f10x_gpio.o(.text)
    GPIO_StructInit                          0x0800abeb   Thumb Code    16  stm32f10x_gpio.o(.text)
    GPIO_ReadInputDataBit                    0x0800abfb   Thumb Code    18  stm32f10x_gpio.o(.text)
    GPIO_ReadInputData                       0x0800ac0d   Thumb Code     8  stm32f10x_gpio.o(.text)
    GPIO_ReadOutputDataBit                   0x0800ac15   Thumb Code    18  stm32f10x_gpio.o(.text)
    GPIO_ReadOutputData                      0x0800ac27   Thumb Code     8  stm32f10x_gpio.o(.text)
    GPIO_SetBits                             0x0800ac2f   Thumb Code     4  stm32f10x_gpio.o(.text)
    GPIO_ResetBits                           0x0800ac33   Thumb Code     4  stm32f10x_gpio.o(.text)
    GPIO_WriteBit                            0x0800ac37   Thumb Code    10  stm32f10x_gpio.o(.text)
    GPIO_Write                               0x0800ac41   Thumb Code     4  stm32f10x_gpio.o(.text)
    GPIO_PinLockConfig                       0x0800ac45   Thumb Code    18  stm32f10x_gpio.o(.text)
    GPIO_EventOutputConfig                   0x0800ac57   Thumb Code    26  stm32f10x_gpio.o(.text)
    GPIO_EventOutputCmd                      0x0800ac71   Thumb Code     6  stm32f10x_gpio.o(.text)
    GPIO_PinRemapConfig                      0x0800ac77   Thumb Code   138  stm32f10x_gpio.o(.text)
    GPIO_EXTILineConfig                      0x0800ad01   Thumb Code    66  stm32f10x_gpio.o(.text)
    GPIO_ETH_MediaInterfaceConfig            0x0800ad43   Thumb Code     8  stm32f10x_gpio.o(.text)
    USART_DeInit                             0x0800ad71   Thumb Code   134  stm32f10x_usart.o(.text)
    USART_Init                               0x0800adf7   Thumb Code   210  stm32f10x_usart.o(.text)
    USART_StructInit                         0x0800aec9   Thumb Code    24  stm32f10x_usart.o(.text)
    USART_ClockInit                          0x0800aee1   Thumb Code    34  stm32f10x_usart.o(.text)
    USART_ClockStructInit                    0x0800af03   Thumb Code    12  stm32f10x_usart.o(.text)
    USART_Cmd                                0x0800af0f   Thumb Code    24  stm32f10x_usart.o(.text)
    USART_ITConfig                           0x0800af27   Thumb Code    74  stm32f10x_usart.o(.text)
    USART_DMACmd                             0x0800af71   Thumb Code    18  stm32f10x_usart.o(.text)
    USART_SetAddress                         0x0800af83   Thumb Code    18  stm32f10x_usart.o(.text)
    USART_WakeUpConfig                       0x0800af95   Thumb Code    18  stm32f10x_usart.o(.text)
    USART_ReceiverWakeUpCmd                  0x0800afa7   Thumb Code    24  stm32f10x_usart.o(.text)
    USART_LINBreakDetectLengthConfig         0x0800afbf   Thumb Code    18  stm32f10x_usart.o(.text)
    USART_LINCmd                             0x0800afd1   Thumb Code    24  stm32f10x_usart.o(.text)
    USART_SendData                           0x0800afe9   Thumb Code     8  stm32f10x_usart.o(.text)
    USART_ReceiveData                        0x0800aff1   Thumb Code    10  stm32f10x_usart.o(.text)
    USART_SendBreak                          0x0800affb   Thumb Code    10  stm32f10x_usart.o(.text)
    USART_SetGuardTime                       0x0800b005   Thumb Code    16  stm32f10x_usart.o(.text)
    USART_SetPrescaler                       0x0800b015   Thumb Code    16  stm32f10x_usart.o(.text)
    USART_SmartCardCmd                       0x0800b025   Thumb Code    24  stm32f10x_usart.o(.text)
    USART_SmartCardNACKCmd                   0x0800b03d   Thumb Code    24  stm32f10x_usart.o(.text)
    USART_HalfDuplexCmd                      0x0800b055   Thumb Code    24  stm32f10x_usart.o(.text)
    USART_OverSampling8Cmd                   0x0800b06d   Thumb Code    22  stm32f10x_usart.o(.text)
    USART_OneBitMethodCmd                    0x0800b083   Thumb Code    24  stm32f10x_usart.o(.text)
    USART_IrDAConfig                         0x0800b09b   Thumb Code    18  stm32f10x_usart.o(.text)
    USART_IrDACmd                            0x0800b0ad   Thumb Code    24  stm32f10x_usart.o(.text)
    USART_GetFlagStatus                      0x0800b0c5   Thumb Code    26  stm32f10x_usart.o(.text)
    USART_ClearFlag                          0x0800b0df   Thumb Code    18  stm32f10x_usart.o(.text)
    USART_GetITStatus                        0x0800b0f1   Thumb Code    84  stm32f10x_usart.o(.text)
    USART_ClearITPendingBit                  0x0800b145   Thumb Code    52  stm32f10x_usart.o(.text)
    RCC_DeInit                               0x0800b179   Thumb Code    64  stm32f10x_rcc.o(.text)
    RCC_HSEConfig                            0x0800b1b9   Thumb Code    70  stm32f10x_rcc.o(.text)
    RCC_GetFlagStatus                        0x0800b1ff   Thumb Code    56  stm32f10x_rcc.o(.text)
    RCC_WaitForHSEStartUp                    0x0800b237   Thumb Code    56  stm32f10x_rcc.o(.text)
    RCC_AdjustHSICalibrationValue            0x0800b26f   Thumb Code    20  stm32f10x_rcc.o(.text)
    RCC_HSICmd                               0x0800b283   Thumb Code     6  stm32f10x_rcc.o(.text)
    RCC_PLLConfig                            0x0800b289   Thumb Code    24  stm32f10x_rcc.o(.text)
    RCC_PLLCmd                               0x0800b2a1   Thumb Code     6  stm32f10x_rcc.o(.text)
    RCC_SYSCLKConfig                         0x0800b2a7   Thumb Code    18  stm32f10x_rcc.o(.text)
    RCC_GetSYSCLKSource                      0x0800b2b9   Thumb Code    10  stm32f10x_rcc.o(.text)
    RCC_HCLKConfig                           0x0800b2c3   Thumb Code    18  stm32f10x_rcc.o(.text)
    RCC_PCLK1Config                          0x0800b2d5   Thumb Code    18  stm32f10x_rcc.o(.text)
    RCC_PCLK2Config                          0x0800b2e7   Thumb Code    20  stm32f10x_rcc.o(.text)
    RCC_ITConfig                             0x0800b2fb   Thumb Code    26  stm32f10x_rcc.o(.text)
    RCC_USBCLKConfig                         0x0800b315   Thumb Code     8  stm32f10x_rcc.o(.text)
    RCC_ADCCLKConfig                         0x0800b31d   Thumb Code    18  stm32f10x_rcc.o(.text)
    RCC_LSEConfig                            0x0800b32f   Thumb Code    50  stm32f10x_rcc.o(.text)
    RCC_LSICmd                               0x0800b361   Thumb Code     6  stm32f10x_rcc.o(.text)
    RCC_RTCCLKConfig                         0x0800b367   Thumb Code    12  stm32f10x_rcc.o(.text)
    RCC_RTCCLKCmd                            0x0800b373   Thumb Code     8  stm32f10x_rcc.o(.text)
    RCC_GetClocksFreq                        0x0800b37b   Thumb Code   192  stm32f10x_rcc.o(.text)
    RCC_AHBPeriphClockCmd                    0x0800b43b   Thumb Code    26  stm32f10x_rcc.o(.text)
    RCC_APB2PeriphClockCmd                   0x0800b455   Thumb Code    26  stm32f10x_rcc.o(.text)
    RCC_APB1PeriphClockCmd                   0x0800b46f   Thumb Code    26  stm32f10x_rcc.o(.text)
    RCC_APB2PeriphResetCmd                   0x0800b489   Thumb Code    26  stm32f10x_rcc.o(.text)
    RCC_APB1PeriphResetCmd                   0x0800b4a3   Thumb Code    26  stm32f10x_rcc.o(.text)
    RCC_BackupResetCmd                       0x0800b4bd   Thumb Code     8  stm32f10x_rcc.o(.text)
    RCC_ClockSecuritySystemCmd               0x0800b4c5   Thumb Code     6  stm32f10x_rcc.o(.text)
    RCC_MCOConfig                            0x0800b4cb   Thumb Code     6  stm32f10x_rcc.o(.text)
    RCC_ClearFlag                            0x0800b4d1   Thumb Code    14  stm32f10x_rcc.o(.text)
    RCC_GetITStatus                          0x0800b4df   Thumb Code    20  stm32f10x_rcc.o(.text)
    RCC_ClearITPendingBit                    0x0800b4f3   Thumb Code     6  stm32f10x_rcc.o(.text)
    TIM_DeInit                               0x0800b51d   Thumb Code   424  stm32f10x_tim.o(.text)
    TIM_TimeBaseInit                         0x0800b6c5   Thumb Code   122  stm32f10x_tim.o(.text)
    TIM_OC1Init                              0x0800b73f   Thumb Code   132  stm32f10x_tim.o(.text)
    TIM_OC2Init                              0x0800b7c3   Thumb Code   154  stm32f10x_tim.o(.text)
    TIM_OC3Init                              0x0800b85d   Thumb Code   150  stm32f10x_tim.o(.text)
    TIM_OC4Init                              0x0800b8f3   Thumb Code   182  stm32f10x_tim.o(.text)
    TIM_SetIC4Prescaler                      0x0800b9a9   Thumb Code    26  stm32f10x_tim.o(.text)
    TIM_SetIC3Prescaler                      0x0800ba45   Thumb Code    18  stm32f10x_tim.o(.text)
    TIM_SetIC2Prescaler                      0x0800bad1   Thumb Code    26  stm32f10x_tim.o(.text)
    TIM_SetIC1Prescaler                      0x0800bb6d   Thumb Code    18  stm32f10x_tim.o(.text)
    TIM_ICInit                               0x0800bbeb   Thumb Code   150  stm32f10x_tim.o(.text)
    TIM_PWMIConfig                           0x0800bc81   Thumb Code   124  stm32f10x_tim.o(.text)
    TIM_BDTRConfig                           0x0800bcfd   Thumb Code    32  stm32f10x_tim.o(.text)
    TIM_TimeBaseStructInit                   0x0800bd1d   Thumb Code    18  stm32f10x_tim.o(.text)
    TIM_OCStructInit                         0x0800bd2f   Thumb Code    20  stm32f10x_tim.o(.text)
    TIM_ICStructInit                         0x0800bd43   Thumb Code    18  stm32f10x_tim.o(.text)
    TIM_BDTRStructInit                       0x0800bd55   Thumb Code    40  stm32f10x_tim.o(.text)
    TIM_Cmd                                  0x0800bd7d   Thumb Code    24  stm32f10x_tim.o(.text)
    TIM_CtrlPWMOutputs                       0x0800bd95   Thumb Code    30  stm32f10x_tim.o(.text)
    TIM_ITConfig                             0x0800bdb3   Thumb Code    18  stm32f10x_tim.o(.text)
    TIM_GenerateEvent                        0x0800bdc5   Thumb Code     4  stm32f10x_tim.o(.text)
    TIM_DMAConfig                            0x0800bdc9   Thumb Code    10  stm32f10x_tim.o(.text)
    TIM_DMACmd                               0x0800bdd3   Thumb Code    18  stm32f10x_tim.o(.text)
    TIM_InternalClockConfig                  0x0800bde5   Thumb Code    12  stm32f10x_tim.o(.text)
    TIM_SelectInputTrigger                   0x0800bdf1   Thumb Code    18  stm32f10x_tim.o(.text)
    TIM_ITRxExternalClockConfig              0x0800be03   Thumb Code    24  stm32f10x_tim.o(.text)
    TIM_TIxExternalClockConfig               0x0800be1b   Thumb Code    62  stm32f10x_tim.o(.text)
    TIM_ETRConfig                            0x0800be59   Thumb Code    28  stm32f10x_tim.o(.text)
    TIM_ETRClockMode1Config                  0x0800be75   Thumb Code    54  stm32f10x_tim.o(.text)
    TIM_ETRClockMode2Config                  0x0800beab   Thumb Code    32  stm32f10x_tim.o(.text)
    TIM_PrescalerConfig                      0x0800becb   Thumb Code     6  stm32f10x_tim.o(.text)
    TIM_CounterModeConfig                    0x0800bed1   Thumb Code    18  stm32f10x_tim.o(.text)
    TIM_EncoderInterfaceConfig               0x0800bee3   Thumb Code    66  stm32f10x_tim.o(.text)
    TIM_ForcedOC1Config                      0x0800bf25   Thumb Code    18  stm32f10x_tim.o(.text)
    TIM_ForcedOC2Config                      0x0800bf37   Thumb Code    26  stm32f10x_tim.o(.text)
    TIM_ForcedOC3Config                      0x0800bf51   Thumb Code    18  stm32f10x_tim.o(.text)
    TIM_ForcedOC4Config                      0x0800bf63   Thumb Code    26  stm32f10x_tim.o(.text)
    TIM_ARRPreloadConfig                     0x0800bf7d   Thumb Code    24  stm32f10x_tim.o(.text)
    TIM_SelectCOM                            0x0800bf95   Thumb Code    24  stm32f10x_tim.o(.text)
    TIM_SelectCCDMA                          0x0800bfad   Thumb Code    24  stm32f10x_tim.o(.text)
    TIM_CCPreloadControl                     0x0800bfc5   Thumb Code    24  stm32f10x_tim.o(.text)
    TIM_OC1PreloadConfig                     0x0800bfdd   Thumb Code    18  stm32f10x_tim.o(.text)
    TIM_OC2PreloadConfig                     0x0800bfef   Thumb Code    26  stm32f10x_tim.o(.text)
    TIM_OC3PreloadConfig                     0x0800c009   Thumb Code    18  stm32f10x_tim.o(.text)
    TIM_OC4PreloadConfig                     0x0800c01b   Thumb Code    26  stm32f10x_tim.o(.text)
    TIM_OC1FastConfig                        0x0800c035   Thumb Code    18  stm32f10x_tim.o(.text)
    TIM_OC2FastConfig                        0x0800c047   Thumb Code    26  stm32f10x_tim.o(.text)
    TIM_OC3FastConfig                        0x0800c061   Thumb Code    18  stm32f10x_tim.o(.text)
    TIM_OC4FastConfig                        0x0800c073   Thumb Code    26  stm32f10x_tim.o(.text)
    TIM_ClearOC1Ref                          0x0800c08d   Thumb Code    18  stm32f10x_tim.o(.text)
    TIM_ClearOC2Ref                          0x0800c09f   Thumb Code    24  stm32f10x_tim.o(.text)
    TIM_ClearOC3Ref                          0x0800c0b7   Thumb Code    18  stm32f10x_tim.o(.text)
    TIM_ClearOC4Ref                          0x0800c0c9   Thumb Code    24  stm32f10x_tim.o(.text)
    TIM_OC1PolarityConfig                    0x0800c0e1   Thumb Code    18  stm32f10x_tim.o(.text)
    TIM_OC1NPolarityConfig                   0x0800c0f3   Thumb Code    18  stm32f10x_tim.o(.text)
    TIM_OC2PolarityConfig                    0x0800c105   Thumb Code    26  stm32f10x_tim.o(.text)
    TIM_OC2NPolarityConfig                   0x0800c11f   Thumb Code    26  stm32f10x_tim.o(.text)
    TIM_OC3PolarityConfig                    0x0800c139   Thumb Code    26  stm32f10x_tim.o(.text)
    TIM_OC3NPolarityConfig                   0x0800c153   Thumb Code    26  stm32f10x_tim.o(.text)
    TIM_OC4PolarityConfig                    0x0800c16d   Thumb Code    26  stm32f10x_tim.o(.text)
    TIM_CCxCmd                               0x0800c187   Thumb Code    30  stm32f10x_tim.o(.text)
    TIM_CCxNCmd                              0x0800c1a5   Thumb Code    30  stm32f10x_tim.o(.text)
    TIM_SelectOCxM                           0x0800c1c3   Thumb Code    82  stm32f10x_tim.o(.text)
    TIM_UpdateDisableConfig                  0x0800c215   Thumb Code    24  stm32f10x_tim.o(.text)
    TIM_UpdateRequestConfig                  0x0800c22d   Thumb Code    24  stm32f10x_tim.o(.text)
    TIM_SelectHallSensor                     0x0800c245   Thumb Code    24  stm32f10x_tim.o(.text)
    TIM_SelectOnePulseMode                   0x0800c25d   Thumb Code    18  stm32f10x_tim.o(.text)
    TIM_SelectOutputTrigger                  0x0800c26f   Thumb Code    18  stm32f10x_tim.o(.text)
    TIM_SelectSlaveMode                      0x0800c281   Thumb Code    18  stm32f10x_tim.o(.text)
    TIM_SelectMasterSlaveMode                0x0800c293   Thumb Code    18  stm32f10x_tim.o(.text)
    TIM_SetCounter                           0x0800c2a5   Thumb Code     4  stm32f10x_tim.o(.text)
    TIM_SetAutoreload                        0x0800c2a9   Thumb Code     4  stm32f10x_tim.o(.text)
    TIM_SetCompare1                          0x0800c2ad   Thumb Code     4  stm32f10x_tim.o(.text)
    TIM_SetCompare2                          0x0800c2b1   Thumb Code     4  stm32f10x_tim.o(.text)
    TIM_SetCompare3                          0x0800c2b5   Thumb Code     4  stm32f10x_tim.o(.text)
    TIM_SetCompare4                          0x0800c2b9   Thumb Code     6  stm32f10x_tim.o(.text)
    TIM_SetClockDivision                     0x0800c2bf   Thumb Code    18  stm32f10x_tim.o(.text)
    TIM_GetCapture1                          0x0800c2d1   Thumb Code     6  stm32f10x_tim.o(.text)
    TIM_GetCapture2                          0x0800c2d7   Thumb Code     6  stm32f10x_tim.o(.text)
    TIM_GetCapture3                          0x0800c2dd   Thumb Code     6  stm32f10x_tim.o(.text)
    TIM_GetCapture4                          0x0800c2e3   Thumb Code     8  stm32f10x_tim.o(.text)
    TIM_GetCounter                           0x0800c2eb   Thumb Code     6  stm32f10x_tim.o(.text)
    TIM_GetPrescaler                         0x0800c2f1   Thumb Code     6  stm32f10x_tim.o(.text)
    TIM_GetFlagStatus                        0x0800c2f7   Thumb Code    18  stm32f10x_tim.o(.text)
    TIM_ClearFlag                            0x0800c309   Thumb Code     6  stm32f10x_tim.o(.text)
    TIM_GetITStatus                          0x0800c30f   Thumb Code    34  stm32f10x_tim.o(.text)
    TIM_ClearITPendingBit                    0x0800c331   Thumb Code     6  stm32f10x_tim.o(.text)
    __use_no_semihosting                     0x0800c337   Thumb Code     2  use_no_semi_2.o(.text)
    vsprintf                                 0x0800c339   Thumb Code    32  vsprintf.o(.text)
    __2printf                                0x0800c35d   Thumb Code    20  __2printf.o(.text)
    __2sprintf                               0x0800c375   Thumb Code    38  __2sprintf.o(.text)
    _printf_pre_padding                      0x0800c3a1   Thumb Code    44  _printf_pad.o(.text)
    _printf_post_padding                     0x0800c3cd   Thumb Code    34  _printf_pad.o(.text)
    _printf_str                              0x0800c3ef   Thumb Code    82  _printf_str.o(.text)
    _printf_int_dec                          0x0800c441   Thumb Code   104  _printf_dec.o(.text)
    _printf_longlong_hex                     0x0800c4b9   Thumb Code    86  _printf_hex_int_ll_ptr.o(.text)
    _printf_int_hex                          0x0800c50f   Thumb Code    28  _printf_hex_int_ll_ptr.o(.text)
    _printf_ll_hex                           0x0800c52b   Thumb Code    12  _printf_hex_int_ll_ptr.o(.text)
    _printf_hex_ptr                          0x0800c537   Thumb Code    18  _printf_hex_int_ll_ptr.o(.text)
    __printf                                 0x0800c54d   Thumb Code   388  __printf_flags_ss_wp.o(.text)
    strstr                                   0x0800c6d5   Thumb Code    36  strstr.o(.text)
    strlen                                   0x0800c6f9   Thumb Code    62  strlen.o(.text)
    __aeabi_memcpy                           0x0800c737   Thumb Code     0  rt_memcpy_v6.o(.text)
    __rt_memcpy                              0x0800c737   Thumb Code   138  rt_memcpy_v6.o(.text)
    _memcpy_lastbytes                        0x0800c79d   Thumb Code     0  rt_memcpy_v6.o(.text)
    __aeabi_memcpy4                          0x0800c7c1   Thumb Code     0  rt_memcpy_w.o(.text)
    __aeabi_memcpy8                          0x0800c7c1   Thumb Code     0  rt_memcpy_w.o(.text)
    __rt_memcpy_w                            0x0800c7c1   Thumb Code   100  rt_memcpy_w.o(.text)
    _memcpy_lastbytes_aligned                0x0800c809   Thumb Code     0  rt_memcpy_w.o(.text)
    __aeabi_memset                           0x0800c825   Thumb Code    16  aeabi_memset.o(.text)
    __aeabi_memclr                           0x0800c835   Thumb Code     0  rt_memclr.o(.text)
    __rt_memclr                              0x0800c835   Thumb Code    68  rt_memclr.o(.text)
    _memset                                  0x0800c839   Thumb Code     0  rt_memclr.o(.text)
    __aeabi_memclr4                          0x0800c879   Thumb Code     0  rt_memclr_w.o(.text)
    __aeabi_memclr8                          0x0800c879   Thumb Code     0  rt_memclr_w.o(.text)
    __rt_memclr_w                            0x0800c879   Thumb Code    78  rt_memclr_w.o(.text)
    _memset_w                                0x0800c87d   Thumb Code     0  rt_memclr_w.o(.text)
    __use_two_region_memory                  0x0800c8c7   Thumb Code     2  heapauxi.o(.text)
    __rt_heap_escrow$2region                 0x0800c8c9   Thumb Code     2  heapauxi.o(.text)
    __rt_heap_expand$2region                 0x0800c8cb   Thumb Code     2  heapauxi.o(.text)
    __I$use$semihosting                      0x0800c8cd   Thumb Code     0  use_no_semi.o(.text)
    __use_no_semihosting_swi                 0x0800c8cd   Thumb Code     2  use_no_semi.o(.text)
    __read_errno                             0x0800c8cf   Thumb Code    10  _rserrno.o(.text)
    __set_errno                              0x0800c8d9   Thumb Code    12  _rserrno.o(.text)
    _printf_truncate_signed                  0x0800c8e5   Thumb Code    18  _printf_truncate.o(.text)
    _printf_truncate_unsigned                0x0800c8f7   Thumb Code    18  _printf_truncate.o(.text)
    _printf_int_common                       0x0800c909   Thumb Code   178  _printf_intcommon.o(.text)
    _printf_charcount                        0x0800c9bb   Thumb Code    40  _printf_charcount.o(.text)
    __lib_sel_fp_printf                      0x0800c9e3   Thumb Code     2  _printf_fp_dec.o(.text)
    _printf_fp_dec_real                      0x0800cb91   Thumb Code   620  _printf_fp_dec.o(.text)
    _printf_fp_hex_real                      0x0800cdfd   Thumb Code   756  _printf_fp_hex.o(.text)
    _printf_char_common                      0x0800d103   Thumb Code    32  _printf_char_common.o(.text)
    _sputc                                   0x0800d129   Thumb Code    10  _sputc.o(.text)
    _printf_cs_common                        0x0800d133   Thumb Code    20  _printf_char.o(.text)
    _printf_char                             0x0800d147   Thumb Code    16  _printf_char.o(.text)
    _printf_string                           0x0800d157   Thumb Code     8  _printf_char.o(.text)
    _printf_char_file                        0x0800d161   Thumb Code    32  _printf_char_file.o(.text)
    _printf_wctomb                           0x0800d185   Thumb Code   182  _printf_wctomb.o(.text)
    _printf_longlong_dec                     0x0800d241   Thumb Code   108  _printf_longlong_dec.o(.text)
    _printf_longlong_oct                     0x0800d2bd   Thumb Code    68  _printf_oct_int_ll.o(.text)
    _printf_int_oct                          0x0800d301   Thumb Code    24  _printf_oct_int_ll.o(.text)
    _printf_ll_oct                           0x0800d319   Thumb Code    12  _printf_oct_int_ll.o(.text)
    __rt_locale                              0x0800d32d   Thumb Code     8  rt_locale_intlibspace.o(.text)
    __aeabi_errno_addr                       0x0800d335   Thumb Code     8  rt_errno_addr_intlibspace.o(.text)
    __errno$intlibspace                      0x0800d335   Thumb Code     0  rt_errno_addr_intlibspace.o(.text)
    __rt_errno_addr$intlibspace              0x0800d335   Thumb Code     0  rt_errno_addr_intlibspace.o(.text)
    _ll_udiv10                               0x0800d33d   Thumb Code   138  lludiv10.o(.text)
    _printf_fp_infnan                        0x0800d3c9   Thumb Code   112  _printf_fp_infnan.o(.text)
    _printf_lcs_common                       0x0800d449   Thumb Code    20  _printf_wchar.o(.text)
    _printf_wchar                            0x0800d45d   Thumb Code    16  _printf_wchar.o(.text)
    _printf_wstring                          0x0800d46d   Thumb Code     8  _printf_wchar.o(.text)
    _btod_etento                             0x0800d475   Thumb Code   216  bigflt0.o(.text)
    ferror                                   0x0800d551   Thumb Code     8  ferror.o(.text)
    _wcrtomb                                 0x0800d559   Thumb Code    64  _wcrtomb.o(.text)
    __user_libspace                          0x0800d599   Thumb Code     8  libspace.o(.text)
    __user_perproc_libspace                  0x0800d599   Thumb Code     0  libspace.o(.text)
    __user_perthread_libspace                0x0800d599   Thumb Code     0  libspace.o(.text)
    __user_setup_stackheap                   0x0800d5a1   Thumb Code    74  sys_stackheap_outer.o(.text)
    __rt_ctype_table                         0x0800d5ed   Thumb Code    16  rt_ctype_table.o(.text)
    exit                                     0x0800d5fd   Thumb Code    18  exit.o(.text)
    strcmp                                   0x0800d611   Thumb Code   128  strcmpv7m.o(.text)
    _btod_d2e                                0x0800d691   Thumb Code    62  btod.o(CL$$btod_d2e)
    _d2e_denorm_low                          0x0800d6cf   Thumb Code    70  btod.o(CL$$btod_d2e_denorm_low)
    _d2e_norm_op1                            0x0800d715   Thumb Code    96  btod.o(CL$$btod_d2e_norm_op1)
    __btod_div_common                        0x0800d775   Thumb Code   696  btod.o(CL$$btod_div_common)
    _e2e                                     0x0800daad   Thumb Code   198  btod.o(CL$$btod_e2e)
    _btod_ediv                               0x0800db73   Thumb Code    40  btod.o(CL$$btod_ediv)
    _btod_emul                               0x0800db9b   Thumb Code    40  btod.o(CL$$btod_emul)
    __btod_mult_common                       0x0800dbc3   Thumb Code   580  btod.o(CL$$btod_mult_common)
    __ARM_fpclassify                         0x0800de07   Thumb Code    40  fpclassify.o(i.__ARM_fpclassify)
    __ieee754_rem_pio2                       0x0800de31   Thumb Code   828  rred.o(i.__ieee754_rem_pio2)
    __kernel_cos                             0x0800e1b9   Thumb Code   230  cos_i.o(i.__kernel_cos)
    __kernel_poly                            0x0800e2b5   Thumb Code   170  poly.o(i.__kernel_poly)
    __kernel_sin                             0x0800e361   Thumb Code   224  sin_i.o(i.__kernel_sin)
    __mathlib_dbl_divzero                    0x0800e44d   Thumb Code    12  dunder.o(i.__mathlib_dbl_divzero)
    __mathlib_dbl_infnan                     0x0800e45d   Thumb Code     6  dunder.o(i.__mathlib_dbl_infnan)
    __mathlib_dbl_infnan2                    0x0800e463   Thumb Code     4  dunder.o(i.__mathlib_dbl_infnan2)
    __mathlib_dbl_invalid                    0x0800e467   Thumb Code    12  dunder.o(i.__mathlib_dbl_invalid)
    __mathlib_dbl_overflow                   0x0800e473   Thumb Code    14  dunder.o(i.__mathlib_dbl_overflow)
    __mathlib_dbl_underflow                  0x0800e481   Thumb Code    10  dunder.o(i.__mathlib_dbl_underflow)
    _is_digit                                0x0800e491   Thumb Code    14  __printf_wp.o(i._is_digit)
    ceil                                     0x0800e4a1   Thumb Code   204  ceil.o(i.ceil)
    floor                                    0x0800e57d   Thumb Code   204  floor.o(i.floor)
    log                                      0x0800e659   Thumb Code   808  log.o(i.log)
    pow                                      0x0800e9b5   Thumb Code  2512  pow.o(i.pow)
    sin                                      0x0800f38d   Thumb Code   150  sin.o(i.sin)
    sqrt                                     0x0800f42d   Thumb Code    76  sqrt.o(i.sqrt)
    _get_lc_numeric                          0x0800f479   Thumb Code    44  lc_numeric_c.o(locale$$code)
    _get_lc_ctype                            0x0800f4a5   Thumb Code    44  lc_ctype_c.o(locale$$code)
    __aeabi_d2f                              0x0800f4d1   Thumb Code     0  d2f.o(x$fpl$d2f)
    _d2f                                     0x0800f4d1   Thumb Code    98  d2f.o(x$fpl$d2f)
    __aeabi_dadd                             0x0800f535   Thumb Code     0  daddsub_clz.o(x$fpl$dadd)
    _dadd                                    0x0800f535   Thumb Code   332  daddsub_clz.o(x$fpl$dadd)
    __fpl_dcheck_NaN1                        0x0800f685   Thumb Code    10  dcheck1.o(x$fpl$dcheck1)
    __fpl_dcmp_Inf                           0x0800f695   Thumb Code    24  dcmpi.o(x$fpl$dcmpinf)
    __aeabi_ddiv                             0x0800f6ad   Thumb Code     0  ddiv.o(x$fpl$ddiv)
    _ddiv                                    0x0800f6ad   Thumb Code   552  ddiv.o(x$fpl$ddiv)
    __aeabi_cdcmpeq                          0x0800f95d   Thumb Code     0  deqf.o(x$fpl$deqf)
    _dcmpeq                                  0x0800f95d   Thumb Code   120  deqf.o(x$fpl$deqf)
    __aeabi_d2iz                             0x0800f9d5   Thumb Code     0  dfix.o(x$fpl$dfix)
    _dfix                                    0x0800f9d5   Thumb Code    94  dfix.o(x$fpl$dfix)
    __aeabi_d2uiz                            0x0800fa35   Thumb Code     0  dfixu.o(x$fpl$dfixu)
    _dfixu                                   0x0800fa35   Thumb Code    90  dfixu.o(x$fpl$dfixu)
    __aeabi_i2d                              0x0800fa8f   Thumb Code     0  dflt_clz.o(x$fpl$dflt)
    _dflt                                    0x0800fa8f   Thumb Code    46  dflt_clz.o(x$fpl$dflt)
    __aeabi_ui2d                             0x0800fabd   Thumb Code     0  dflt_clz.o(x$fpl$dfltu)
    _dfltu                                   0x0800fabd   Thumb Code    38  dflt_clz.o(x$fpl$dfltu)
    __aeabi_cdcmple                          0x0800fae5   Thumb Code     0  dleqf.o(x$fpl$dleqf)
    _dcmple                                  0x0800fae5   Thumb Code   120  dleqf.o(x$fpl$dleqf)
    __fpl_dcmple_InfNaN                      0x0800fb47   Thumb Code     0  dleqf.o(x$fpl$dleqf)
    __aeabi_dmul                             0x0800fb5d   Thumb Code     0  dmul.o(x$fpl$dmul)
    _dmul                                    0x0800fb5d   Thumb Code   332  dmul.o(x$fpl$dmul)
    __fpl_dnaninf                            0x0800fcb1   Thumb Code   156  dnaninf.o(x$fpl$dnaninf)
    __fpl_dretinf                            0x0800fd4d   Thumb Code    12  dretinf.o(x$fpl$dretinf)
    __aeabi_cdrcmple                         0x0800fd59   Thumb Code     0  drleqf.o(x$fpl$drleqf)
    _drcmple                                 0x0800fd59   Thumb Code   108  drleqf.o(x$fpl$drleqf)
    __aeabi_drsub                            0x0800fdc5   Thumb Code     0  daddsub_clz.o(x$fpl$drsb)
    _drsb                                    0x0800fdc5   Thumb Code    22  daddsub_clz.o(x$fpl$drsb)
    _dsqrt                                   0x0800fddd   Thumb Code   456  dsqrt_noumaal.o(x$fpl$dsqrt)
    __aeabi_dsub                             0x0800ffa9   Thumb Code     0  daddsub_clz.o(x$fpl$dsub)
    _dsub                                    0x0800ffa9   Thumb Code   464  daddsub_clz.o(x$fpl$dsub)
    __aeabi_f2d                              0x0801017d   Thumb Code     0  f2d.o(x$fpl$f2d)
    _f2d                                     0x0801017d   Thumb Code    86  f2d.o(x$fpl$f2d)
    __aeabi_fadd                             0x080101d5   Thumb Code     0  faddsub_clz.o(x$fpl$fadd)
    _fadd                                    0x080101d5   Thumb Code   196  faddsub_clz.o(x$fpl$fadd)
    __fpl_fcmp_Inf                           0x08010299   Thumb Code    24  fcmpi.o(x$fpl$fcmpinf)
    __aeabi_fdiv                             0x080102b1   Thumb Code     0  fdiv.o(x$fpl$fdiv)
    _fdiv                                    0x080102b1   Thumb Code   384  fdiv.o(x$fpl$fdiv)
    __aeabi_cfcmpeq                          0x08010435   Thumb Code     0  feqf.o(x$fpl$feqf)
    _fcmpeq                                  0x08010435   Thumb Code   104  feqf.o(x$fpl$feqf)
    __aeabi_f2uiz                            0x0801049d   Thumb Code     0  ffixu.o(x$fpl$ffixu)
    _ffixu                                   0x0801049d   Thumb Code    62  ffixu.o(x$fpl$ffixu)
    __aeabi_i2f                              0x080104dd   Thumb Code     0  fflt_clz.o(x$fpl$fflt)
    _fflt                                    0x080104dd   Thumb Code    48  fflt_clz.o(x$fpl$fflt)
    __aeabi_ui2f                             0x0801050d   Thumb Code     0  fflt_clz.o(x$fpl$ffltu)
    _ffltu                                   0x0801050d   Thumb Code    38  fflt_clz.o(x$fpl$ffltu)
    __aeabi_cfcmple                          0x08010535   Thumb Code     0  fleqf.o(x$fpl$fleqf)
    _fcmple                                  0x08010535   Thumb Code   104  fleqf.o(x$fpl$fleqf)
    __fpl_fcmple_InfNaN                      0x08010587   Thumb Code     0  fleqf.o(x$fpl$fleqf)
    __aeabi_fmul                             0x0801059d   Thumb Code     0  fmul.o(x$fpl$fmul)
    _fmul                                    0x0801059d   Thumb Code   258  fmul.o(x$fpl$fmul)
    __fpl_fnaninf                            0x0801069f   Thumb Code   140  fnaninf.o(x$fpl$fnaninf)
    __fpl_fretinf                            0x0801072b   Thumb Code    10  fretinf.o(x$fpl$fretinf)
    __aeabi_cfrcmple                         0x08010735   Thumb Code     0  frleqf.o(x$fpl$frleqf)
    _frcmple                                 0x08010735   Thumb Code    98  frleqf.o(x$fpl$frleqf)
    __aeabi_fsub                             0x08010799   Thumb Code     0  faddsub_clz.o(x$fpl$fsub)
    _fsub                                    0x08010799   Thumb Code   234  faddsub_clz.o(x$fpl$fsub)
    _printf_fp_dec                           0x08010883   Thumb Code     4  printf1.o(x$fpl$printf1)
    _printf_fp_hex                           0x08010887   Thumb Code     4  printf2.o(x$fpl$printf2)
    __fpl_return_NaN                         0x0801088b   Thumb Code   100  retnan.o(x$fpl$retnan)
    __ARM_scalbn                             0x080108ef   Thumb Code    92  scalbn.o(x$fpl$scalbn)
    __fpl_cmpreturn                          0x0801094b   Thumb Code    48  trapv.o(x$fpl$trapveneer)
    __I$use$fp                               0x0801097a   Number         0  usenofp.o(x$fpl$usenofp)
    BAUD_id                                  0x08010b7c   Data          36  gps.o(.constdata)
    asc2_1206                                0x08010ba0   Data        1140  lcd.o(.constdata)
    asc2_1608                                0x08011014   Data        1520  lcd.o(.constdata)
    asc2_2412                                0x08011604   Data        3420  lcd.o(.constdata)
    __mathlib_zero                           0x080124c0   Data           8  qnan.o(.constdata)
    Region$$Table$$Base                      0x0801271c   Number         0  anon$$obj.o(Region$$Table)
    Region$$Table$$Limit                     0x0801273c   Number         0  anon$$obj.o(Region$$Table)
    __ctype                                  0x08012765   Data           0  lc_ctype_c.o(locale$$data)
    fixmode_tbl                              0x20000000   Data          16  main.o(.data)
    ADC_ConvertedValueLocal                  0x20000010   Data           2  main.o(.data)
    t1                                       0x20000014   Data           4  main.o(.data)
    t2                                       0x20000018   Data           4  main.o(.data)
    t3                                       0x2000001c   Data           4  main.o(.data)
    t4                                       0x20000020   Data           4  main.o(.data)
    t5                                       0x20000024   Data           4  main.o(.data)
    t6                                       0x20000028   Data           4  main.o(.data)
    t7                                       0x2000002c   Data           4  main.o(.data)
    t8                                       0x20000030   Data           4  main.o(.data)
    t9                                       0x20000034   Data           4  main.o(.data)
    t10                                      0x20000038   Data           4  main.o(.data)
    t11                                      0x2000003c   Data           4  main.o(.data)
    f1                                       0x20000040   Data           4  main.o(.data)
    f2                                       0x20000044   Data           4  main.o(.data)
    f3                                       0x20000048   Data           4  main.o(.data)
    f4                                       0x2000004c   Data           4  main.o(.data)
    fps                                      0x20000050   Data           4  main.o(.data)
    NFFT                                     0x20000054   Data           4  main.o(.data)
    rtNaN                                    0x20000058   Data           4  main.o(.data)
    longtitude                               0x20000060   Data           8  main.o(.data)
    latitude                                 0x20000068   Data           8  main.o(.data)
    humidity                                 0x20000070   Data           8  main.o(.data)
    temperature                              0x20000078   Data           8  main.o(.data)
    oiltemper                                0x20000080   Data           8  main.o(.data)
    speed                                    0x20000088   Data           8  main.o(.data)
    ic2                                      0x20000090   Data           8  main.o(.data)
    ic                                       0x20000098   Data           4  main.o(.data)
    pressure                                 0x2000009c   Data           4  main.o(.data)
    gas                                      0x200000a0   Data           4  main.o(.data)
    altitude                                 0x200000a4   Data           4  main.o(.data)
    iaq                                      0x200000a8   Data           1  main.o(.data)
    altitude1                                0x200000a9   Data           1  main.o(.data)
    oiltemper1                               0x200000aa   Data           2  main.o(.data)
    temperature1                             0x200000ac   Data           2  main.o(.data)
    humidity1                                0x200000ae   Data           2  main.o(.data)
    speed1                                   0x200000b0   Data           2  main.o(.data)
    adcx1                                    0x200000b2   Data           2  main.o(.data)
    ic1                                      0x200000b4   Data           2  main.o(.data)
    gas1                                     0x200000b8   Data           4  main.o(.data)
    latitude1                                0x200000bc   Data           4  main.o(.data)
    longtitude1                              0x200000c0   Data           4  main.o(.data)
    pressure1                                0x200000c4   Data           4  main.o(.data)
    rtInf                                    0x200000c8   Data           4  main.o(.data)
    rtMinusInf                               0x200000cc   Data           4  main.o(.data)
    SystemCoreClock                          0x200000d0   Data           4  system_stm32f10x.o(.data)
    AHBPrescTable                            0x200000d4   Data          16  system_stm32f10x.o(.data)
    ADC_ConvertedValue                       0x200000e6   Data           6  adcdouble.o(.data)
    MQTT_RxDataInPtr                         0x200000ec   Data           4  mqtt.o(.data)
    MQTT_RxDataOutPtr                        0x200000f0   Data           4  mqtt.o(.data)
    MQTT_RxDataEndPtr                        0x200000f4   Data           4  mqtt.o(.data)
    MQTT_TxDataInPtr                         0x200000f8   Data           4  mqtt.o(.data)
    MQTT_TxDataOutPtr                        0x200000fc   Data           4  mqtt.o(.data)
    MQTT_TxDataEndPtr                        0x20000100   Data           4  mqtt.o(.data)
    MQTT_CMDInPtr                            0x20000104   Data           4  mqtt.o(.data)
    MQTT_CMDOutPtr                           0x20000108   Data           4  mqtt.o(.data)
    MQTT_CMDEndPtr                           0x2000010c   Data           4  mqtt.o(.data)
    ClientID_len                             0x20000110   Data           4  mqtt.o(.data)
    Username_len                             0x20000114   Data           4  mqtt.o(.data)
    Passward_len                             0x20000118   Data           4  mqtt.o(.data)
    ServerPort                               0x2000011c   Data           4  mqtt.o(.data)
    Fixed_len                                0x20000120   Data           4  mqtt.o(.data)
    Variable_len                             0x20000124   Data           4  mqtt.o(.data)
    Payload_len                              0x20000128   Data           4  mqtt.o(.data)
    Ping_flag                                0x2000012c   Data           1  mqtt.o(.data)
    Connect_flag                             0x2000012d   Data           1  mqtt.o(.data)
    ConnectPack_flag                         0x2000012e   Data           1  mqtt.o(.data)
    SubcribePack_flag                        0x2000012f   Data           1  mqtt.o(.data)
    wifi_mode                                0x20000130   Data           1  wifi.o(.data)
    UART5_RX_CNT                             0x20000134   Data           1  rs485.o(.data)
    flagFrame                                0x20000135   Data           1  rs485.o(.data)
    i                                        0x20000136   Data           1  rs485.o(.data)
    cnt                                      0x20000137   Data           1  rs485.o(.data)
    crc                                      0x20000138   Data           4  rs485.o(.data)
    crch                                     0x2000013c   Data           1  rs485.o(.data)
    crcl                                     0x2000013d   Data           1  rs485.o(.data)
    Uart4_RxCompleted                        0x20000144   Data           1  uart4.o(.data)
    Uart4_RxCounter                          0x20000148   Data           4  uart4.o(.data)
    POINT_COLOR                              0x2000014c   Data           2  lcd.o(.data)
    BACK_COLOR                               0x2000014e   Data           2  lcd.o(.data)
    __stdout                                 0x20000158   Data           4  usart.o(.data)
    USART_RX_STA                             0x2000015c   Data           2  usart.o(.data)
    stata                                    0x2000015e   Data           1  usart.o(.data)
    USART3_RX_STA                            0x20000160   Data           2  usart.o(.data)
    USART1_TX_BUF                            0x20000178   Data         600  main.o(.bss)
    gpsx                                     0x200003d0   Data         166  main.o(.bss)
    dtbuf                                    0x20000478   Data          50  main.o(.bss)
    temp1                                    0x200004aa   Data         502  main.o(.bss)
    temp2                                    0x200006a0   Data         502  main.o(.bss)
    X                                        0x20000898   Data       16000  main.o(.bss)
    datax                                    0x20004718   Data        8000  main.o(.bss)
    fre                                      0x20006658   Data        8000  main.o(.bss)
    spec                                     0x20008598   Data        8000  main.o(.bss)
    MQTT_RxDataBuf                           0x2000a4d8   Data        4096  mqtt.o(.bss)
    MQTT_TxDataBuf                           0x2000b4d8   Data        4096  mqtt.o(.bss)
    MQTT_CMDBuf                              0x2000c4d8   Data        4096  mqtt.o(.bss)
    ClientID                                 0x2000d4d8   Data         128  mqtt.o(.bss)
    Username                                 0x2000d558   Data         128  mqtt.o(.bss)
    Passward                                 0x2000d5d8   Data         128  mqtt.o(.bss)
    ServerIP                                 0x2000d658   Data         128  mqtt.o(.bss)
    temp_buff                                0x2000d6d8   Data         512  mqtt.o(.bss)
    UART5_RX_BUF                             0x2000d8d8   Data          64  rs485.o(.bss)
    regGroup                                 0x2000d918   Data         160  rs485.o(.bss)
    Uart4_RxBuff                             0x2000d9d8   Data        1024  uart4.o(.bss)
    UART4_TxBuff                             0x2000ddd8   Data        1024  uart4.o(.bss)
    lcddev                                   0x2000e1d8   Data          14  lcd.o(.bss)
    USART_RX_BUF                             0x2000e1f8   Data         200  usart.o(.bss)
    RX_BUF                                   0x2000e2c0   Data          50  usart.o(.bss)
    USART3_RX_BUF                            0x2000e2f2   Data         600  usart.o(.bss)
    USART3_TX_BUF                            0x2000e54a   Data         600  usart.o(.bss)
    Usart1_TxBuff                            0x2000e7a8   Data         256  usart.o(.bss)
    __libspace_start                         0x2000e8a8   Data          96  libspace.o(.bss)
    __temporary_stack_top$libspace           0x2000e908   Data           0  libspace.o(.bss)



==============================================================================

Memory Map of the image

  Image Entry point : 0x08000131

  Load Region LR_IROM1 (Base: 0x08000000, Size: 0x000129e0, Max: 0x00080000, ABSOLUTE, COMPRESSED[0x00012894])

    Execution Region ER_IROM1 (Base: 0x08000000, Size: 0x00012868, Max: 0x00080000, ABSOLUTE)

    Base Addr    Size         Type   Attr      Idx    E Section Name        Object

    0x08000000   0x00000130   Data   RO          664    RESET               startup_stm32f10x_hd.o
    0x08000130   0x00000008   Code   RO          841  * !!!main             c_w.l(__main.o)
    0x08000138   0x00000034   Code   RO         1280    !!!scatter          c_w.l(__scatter.o)
    0x0800016c   0x0000005a   Code   RO         1278    !!dczerorl2         c_w.l(__dczerorl2.o)
    0x080001c6   0x00000002   PAD
    0x080001c8   0x0000001c   Code   RO         1282    !!handler_zi        c_w.l(__scatter_zi.o)
    0x080001e4   0x00000000   Code   RO          824    .ARM.Collect$$_printf_percent$$00000000  c_w.l(_printf_percent.o)
    0x080001e4   0x00000006   Code   RO          994    .ARM.Collect$$_printf_percent$$00000001  c_w.l(_printf_n.o)
    0x080001ea   0x00000006   Code   RO          995    .ARM.Collect$$_printf_percent$$00000002  c_w.l(_printf_p.o)
    0x080001f0   0x00000006   Code   RO          822    .ARM.Collect$$_printf_percent$$00000003  c_w.l(_printf_f.o)
    0x080001f6   0x00000006   Code   RO          999    .ARM.Collect$$_printf_percent$$00000004  c_w.l(_printf_e.o)
    0x080001fc   0x00000006   Code   RO         1000    .ARM.Collect$$_printf_percent$$00000005  c_w.l(_printf_g.o)
    0x08000202   0x00000006   Code   RO          823    .ARM.Collect$$_printf_percent$$00000006  c_w.l(_printf_a.o)
    0x08000208   0x0000000a   Code   RO         1005    .ARM.Collect$$_printf_percent$$00000007  c_w.l(_printf_ll.o)
    0x08000212   0x00000006   Code   RO          997    .ARM.Collect$$_printf_percent$$00000008  c_w.l(_printf_i.o)
    0x08000218   0x00000006   Code   RO          821    .ARM.Collect$$_printf_percent$$00000009  c_w.l(_printf_d.o)
    0x0800021e   0x00000006   Code   RO          998    .ARM.Collect$$_printf_percent$$0000000A  c_w.l(_printf_u.o)
    0x08000224   0x00000006   Code   RO          996    .ARM.Collect$$_printf_percent$$0000000B  c_w.l(_printf_o.o)
    0x0800022a   0x00000006   Code   RO          820    .ARM.Collect$$_printf_percent$$0000000C  c_w.l(_printf_x.o)
    0x08000230   0x00000006   Code   RO         1002    .ARM.Collect$$_printf_percent$$0000000D  c_w.l(_printf_lli.o)
    0x08000236   0x00000006   Code   RO         1003    .ARM.Collect$$_printf_percent$$0000000E  c_w.l(_printf_lld.o)
    0x0800023c   0x00000006   Code   RO         1004    .ARM.Collect$$_printf_percent$$0000000F  c_w.l(_printf_llu.o)
    0x08000242   0x00000006   Code   RO         1009    .ARM.Collect$$_printf_percent$$00000010  c_w.l(_printf_llo.o)
    0x08000248   0x00000006   Code   RO         1010    .ARM.Collect$$_printf_percent$$00000011  c_w.l(_printf_llx.o)
    0x0800024e   0x0000000a   Code   RO         1006    .ARM.Collect$$_printf_percent$$00000012  c_w.l(_printf_l.o)
    0x08000258   0x00000006   Code   RO          818    .ARM.Collect$$_printf_percent$$00000013  c_w.l(_printf_c.o)
    0x0800025e   0x00000006   Code   RO          819    .ARM.Collect$$_printf_percent$$00000014  c_w.l(_printf_s.o)
    0x08000264   0x00000006   Code   RO         1007    .ARM.Collect$$_printf_percent$$00000015  c_w.l(_printf_lc.o)
    0x0800026a   0x00000006   Code   RO         1008    .ARM.Collect$$_printf_percent$$00000016  c_w.l(_printf_ls.o)
    0x08000270   0x00000004   Code   RO         1001    .ARM.Collect$$_printf_percent$$00000017  c_w.l(_printf_percent_end.o)
    0x08000274   0x00000002   Code   RO         1148    .ARM.Collect$$libinit$$00000000  c_w.l(libinit.o)
    0x08000276   0x00000000   Code   RO         1150    .ARM.Collect$$libinit$$00000002  c_w.l(libinit2.o)
    0x08000276   0x00000000   Code   RO         1152    .ARM.Collect$$libinit$$00000004  c_w.l(libinit2.o)
    0x08000276   0x00000000   Code   RO         1155    .ARM.Collect$$libinit$$0000000A  c_w.l(libinit2.o)
    0x08000276   0x00000000   Code   RO         1157    .ARM.Collect$$libinit$$0000000C  c_w.l(libinit2.o)
    0x08000276   0x00000000   Code   RO         1159    .ARM.Collect$$libinit$$0000000E  c_w.l(libinit2.o)
    0x08000276   0x00000006   Code   RO         1160    .ARM.Collect$$libinit$$0000000F  c_w.l(libinit2.o)
    0x0800027c   0x00000000   Code   RO         1162    .ARM.Collect$$libinit$$00000011  c_w.l(libinit2.o)
    0x0800027c   0x0000000c   Code   RO         1163    .ARM.Collect$$libinit$$00000012  c_w.l(libinit2.o)
    0x08000288   0x00000000   Code   RO         1164    .ARM.Collect$$libinit$$00000013  c_w.l(libinit2.o)
    0x08000288   0x00000000   Code   RO         1166    .ARM.Collect$$libinit$$00000015  c_w.l(libinit2.o)
    0x08000288   0x0000000a   Code   RO         1167    .ARM.Collect$$libinit$$00000016  c_w.l(libinit2.o)
    0x08000292   0x00000000   Code   RO         1168    .ARM.Collect$$libinit$$00000017  c_w.l(libinit2.o)
    0x08000292   0x00000000   Code   RO         1170    .ARM.Collect$$libinit$$00000019  c_w.l(libinit2.o)
    0x08000292   0x00000000   Code   RO         1172    .ARM.Collect$$libinit$$0000001B  c_w.l(libinit2.o)
    0x08000292   0x00000000   Code   RO         1174    .ARM.Collect$$libinit$$0000001D  c_w.l(libinit2.o)
    0x08000292   0x00000000   Code   RO         1176    .ARM.Collect$$libinit$$0000001F  c_w.l(libinit2.o)
    0x08000292   0x00000000   Code   RO         1178    .ARM.Collect$$libinit$$00000021  c_w.l(libinit2.o)
    0x08000292   0x00000000   Code   RO         1180    .ARM.Collect$$libinit$$00000023  c_w.l(libinit2.o)
    0x08000292   0x00000000   Code   RO         1182    .ARM.Collect$$libinit$$00000025  c_w.l(libinit2.o)
    0x08000292   0x00000000   Code   RO         1186    .ARM.Collect$$libinit$$0000002C  c_w.l(libinit2.o)
    0x08000292   0x00000000   Code   RO         1188    .ARM.Collect$$libinit$$0000002E  c_w.l(libinit2.o)
    0x08000292   0x00000000   Code   RO         1190    .ARM.Collect$$libinit$$00000030  c_w.l(libinit2.o)
    0x08000292   0x00000000   Code   RO         1192    .ARM.Collect$$libinit$$00000032  c_w.l(libinit2.o)
    0x08000292   0x00000002   Code   RO         1193    .ARM.Collect$$libinit$$00000033  c_w.l(libinit2.o)
    0x08000294   0x00000002   Code   RO         1228    .ARM.Collect$$libshutdown$$00000000  c_w.l(libshutdown.o)
    0x08000296   0x00000000   Code   RO         1237    .ARM.Collect$$libshutdown$$00000002  c_w.l(libshutdown2.o)
    0x08000296   0x00000000   Code   RO         1239    .ARM.Collect$$libshutdown$$00000004  c_w.l(libshutdown2.o)
    0x08000296   0x00000000   Code   RO         1242    .ARM.Collect$$libshutdown$$00000007  c_w.l(libshutdown2.o)
    0x08000296   0x00000000   Code   RO         1245    .ARM.Collect$$libshutdown$$0000000A  c_w.l(libshutdown2.o)
    0x08000296   0x00000000   Code   RO         1247    .ARM.Collect$$libshutdown$$0000000C  c_w.l(libshutdown2.o)
    0x08000296   0x00000000   Code   RO         1250    .ARM.Collect$$libshutdown$$0000000F  c_w.l(libshutdown2.o)
    0x08000296   0x00000002   Code   RO         1251    .ARM.Collect$$libshutdown$$00000010  c_w.l(libshutdown2.o)
    0x08000298   0x00000000   Code   RO          961    .ARM.Collect$$rtentry$$00000000  c_w.l(__rtentry.o)
    0x08000298   0x00000000   Code   RO         1062    .ARM.Collect$$rtentry$$00000002  c_w.l(__rtentry2.o)
    0x08000298   0x00000006   Code   RO         1074    .ARM.Collect$$rtentry$$00000004  c_w.l(__rtentry4.o)
    0x0800029e   0x00000000   Code   RO         1064    .ARM.Collect$$rtentry$$00000009  c_w.l(__rtentry2.o)
    0x0800029e   0x00000004   Code   RO         1065    .ARM.Collect$$rtentry$$0000000A  c_w.l(__rtentry2.o)
    0x080002a2   0x00000000   Code   RO         1067    .ARM.Collect$$rtentry$$0000000C  c_w.l(__rtentry2.o)
    0x080002a2   0x00000008   Code   RO         1068    .ARM.Collect$$rtentry$$0000000D  c_w.l(__rtentry2.o)
    0x080002aa   0x00000002   Code   RO         1196    .ARM.Collect$$rtexit$$00000000  c_w.l(rtexit.o)
    0x080002ac   0x00000000   Code   RO         1208    .ARM.Collect$$rtexit$$00000002  c_w.l(rtexit2.o)
    0x080002ac   0x00000004   Code   RO         1209    .ARM.Collect$$rtexit$$00000003  c_w.l(rtexit2.o)
    0x080002b0   0x00000006   Code   RO         1210    .ARM.Collect$$rtexit$$00000004  c_w.l(rtexit2.o)
    0x080002b6   0x00000002   PAD
    0x080002b8   0x000019e8   Code   RO            1    .text               main.o
    0x08001ca0   0x000001ac   Code   RO          197    .text               stm32f10x_it.o
    0x08001e4c   0x000001e0   Code   RO          253    .text               system_stm32f10x.o
    0x0800202c   0x00000184   Code   RO          271    .text               key.o
    0x080021b0   0x0000012c   Code   RO          284    .text               adcdouble.o
    0x080022dc   0x0000004c   Code   RO          299    .text               mma7361.o
    0x08002328   0x00000254   Code   RO          311    .text               stm32f10x_dma.o
    0x0800257c   0x000007f0   Code   RO          326    .text               mqtt.o
    0x08002d6c   0x00000890   Code   RO          359    .text               wifi.o
    0x080035fc   0x00000058   Code   RO          380    .text               crc16.o
    0x08003654   0x00000654   Code   RO          393    .text               rs485.o
    0x08003ca8   0x00000144   Code   RO          423    .text               uart4.o
    0x08003dec   0x0000008c   Code   RO          449    .text               timer.o
    0x08003e78   0x00000076   Code   RO          477    .text               timer2.o
    0x08003eee   0x00000002   PAD
    0x08003ef0   0x000000ec   Code   RO          489    .text               timer3.o
    0x08003fdc   0x00000070   Code   RO          501    .text               timer4.o
    0x0800404c   0x00000914   Code   RO          516    .text               gps.o
    0x08004960   0x00004a5c   Code   RO          531    .text               lcd.o
    0x080093bc   0x0000004c   Code   RO          554    .text               led.o
    0x08009408   0x000003f4   Code   RO          566    .text               max31865.o
    0x080097fc   0x00000098   Code   RO          578    .text               nvic.o
    0x08009894   0x000000d4   Code   RO          598    .text               delay.o
    0x08009968   0x00000534   Code   RO          629    .text               usart.o
    0x08009e9c   0x00000040   Code   RO          665    .text               startup_stm32f10x_hd.o
    0x08009edc   0x000000dc   Code   RO          669    .text               misc.o
    0x08009fb8   0x0000044e   Code   RO          681    .text               stm32f10x_adc.o
    0x0800a406   0x00000002   PAD
    0x0800a408   0x0000060c   Code   RO          693    .text               stm32f10x_fsmc.o
    0x0800aa14   0x0000035c   Code   RO          705    .text               stm32f10x_gpio.o
    0x0800ad70   0x00000408   Code   RO          717    .text               stm32f10x_usart.o
    0x0800b178   0x000003a4   Code   RO          729    .text               stm32f10x_rcc.o
    0x0800b51c   0x00000e1a   Code   RO          743    .text               stm32f10x_tim.o
    0x0800c336   0x00000002   Code   RO          757    .text               c_w.l(use_no_semi_2.o)
    0x0800c338   0x00000024   Code   RO          759    .text               c_w.l(vsprintf.o)
    0x0800c35c   0x00000018   Code   RO          761    .text               c_w.l(__2printf.o)
    0x0800c374   0x0000002c   Code   RO          763    .text               c_w.l(__2sprintf.o)
    0x0800c3a0   0x0000004e   Code   RO          771    .text               c_w.l(_printf_pad.o)
    0x0800c3ee   0x00000052   Code   RO          773    .text               c_w.l(_printf_str.o)
    0x0800c440   0x00000078   Code   RO          775    .text               c_w.l(_printf_dec.o)
    0x0800c4b8   0x00000094   Code   RO          795    .text               c_w.l(_printf_hex_int_ll_ptr.o)
    0x0800c54c   0x00000188   Code   RO          815    .text               c_w.l(__printf_flags_ss_wp.o)
    0x0800c6d4   0x00000024   Code   RO          825    .text               c_w.l(strstr.o)
    0x0800c6f8   0x0000003e   Code   RO          827    .text               c_w.l(strlen.o)
    0x0800c736   0x0000008a   Code   RO          829    .text               c_w.l(rt_memcpy_v6.o)
    0x0800c7c0   0x00000064   Code   RO          831    .text               c_w.l(rt_memcpy_w.o)
    0x0800c824   0x00000010   Code   RO          833    .text               c_w.l(aeabi_memset.o)
    0x0800c834   0x00000044   Code   RO          835    .text               c_w.l(rt_memclr.o)
    0x0800c878   0x0000004e   Code   RO          837    .text               c_w.l(rt_memclr_w.o)
    0x0800c8c6   0x00000006   Code   RO          839    .text               c_w.l(heapauxi.o)
    0x0800c8cc   0x00000002   Code   RO          959    .text               c_w.l(use_no_semi.o)
    0x0800c8ce   0x00000016   Code   RO          962    .text               c_w.l(_rserrno.o)
    0x0800c8e4   0x00000024   Code   RO          964    .text               c_w.l(_printf_truncate.o)
    0x0800c908   0x000000b2   Code   RO          966    .text               c_w.l(_printf_intcommon.o)
    0x0800c9ba   0x00000028   Code   RO          968    .text               c_w.l(_printf_charcount.o)
    0x0800c9e2   0x0000041a   Code   RO          970    .text               c_w.l(_printf_fp_dec.o)
    0x0800cdfc   0x000002fc   Code   RO          972    .text               c_w.l(_printf_fp_hex.o)
    0x0800d0f8   0x00000030   Code   RO          975    .text               c_w.l(_printf_char_common.o)
    0x0800d128   0x0000000a   Code   RO          977    .text               c_w.l(_sputc.o)
    0x0800d132   0x0000002c   Code   RO          979    .text               c_w.l(_printf_char.o)
    0x0800d15e   0x00000002   PAD
    0x0800d160   0x00000024   Code   RO          981    .text               c_w.l(_printf_char_file.o)
    0x0800d184   0x000000bc   Code   RO          983    .text               c_w.l(_printf_wctomb.o)
    0x0800d240   0x0000007c   Code   RO          986    .text               c_w.l(_printf_longlong_dec.o)
    0x0800d2bc   0x00000070   Code   RO          992    .text               c_w.l(_printf_oct_int_ll.o)
    0x0800d32c   0x00000008   Code   RO         1079    .text               c_w.l(rt_locale_intlibspace.o)
    0x0800d334   0x00000008   Code   RO         1084    .text               c_w.l(rt_errno_addr_intlibspace.o)
    0x0800d33c   0x0000008a   Code   RO         1086    .text               c_w.l(lludiv10.o)
    0x0800d3c6   0x00000002   PAD
    0x0800d3c8   0x00000080   Code   RO         1088    .text               c_w.l(_printf_fp_infnan.o)
    0x0800d448   0x0000002c   Code   RO         1092    .text               c_w.l(_printf_wchar.o)
    0x0800d474   0x000000dc   Code   RO         1094    .text               c_w.l(bigflt0.o)
    0x0800d550   0x00000008   Code   RO         1119    .text               c_w.l(ferror.o)
    0x0800d558   0x00000040   Code   RO         1123    .text               c_w.l(_wcrtomb.o)
    0x0800d598   0x00000008   Code   RO         1132    .text               c_w.l(libspace.o)
    0x0800d5a0   0x0000004a   Code   RO         1135    .text               c_w.l(sys_stackheap_outer.o)
    0x0800d5ea   0x00000002   PAD
    0x0800d5ec   0x00000010   Code   RO         1137    .text               c_w.l(rt_ctype_table.o)
    0x0800d5fc   0x00000012   Code   RO         1139    .text               c_w.l(exit.o)
    0x0800d60e   0x00000002   PAD
    0x0800d610   0x00000080   Code   RO         1141    .text               c_w.l(strcmpv7m.o)
    0x0800d690   0x0000003e   Code   RO         1097    CL$$btod_d2e        c_w.l(btod.o)
    0x0800d6ce   0x00000046   Code   RO         1099    CL$$btod_d2e_denorm_low  c_w.l(btod.o)
    0x0800d714   0x00000060   Code   RO         1098    CL$$btod_d2e_norm_op1  c_w.l(btod.o)
    0x0800d774   0x00000338   Code   RO         1107    CL$$btod_div_common  c_w.l(btod.o)
    0x0800daac   0x000000c6   Code   RO         1104    CL$$btod_e2e        c_w.l(btod.o)
    0x0800db72   0x00000028   Code   RO         1101    CL$$btod_ediv       c_w.l(btod.o)
    0x0800db9a   0x00000028   Code   RO         1100    CL$$btod_emul       c_w.l(btod.o)
    0x0800dbc2   0x00000244   Code   RO         1106    CL$$btod_mult_common  c_w.l(btod.o)
    0x0800de06   0x00000028   Code   RO         1045    i.__ARM_fpclassify  m_ws.l(fpclassify.o)
    0x0800de2e   0x00000002   PAD
    0x0800de30   0x00000388   Code   RO         1050    i.__ieee754_rem_pio2  m_ws.l(rred.o)
    0x0800e1b8   0x000000fc   Code   RO         1028    i.__kernel_cos      m_ws.l(cos_i.o)
    0x0800e2b4   0x000000aa   Code   RO         1047    i.__kernel_poly     m_ws.l(poly.o)
    0x0800e35e   0x00000002   PAD
    0x0800e360   0x000000ec   Code   RO         1055    i.__kernel_sin      m_ws.l(sin_i.o)
    0x0800e44c   0x00000010   Code   RO         1031    i.__mathlib_dbl_divzero  m_ws.l(dunder.o)
    0x0800e45c   0x00000006   Code   RO         1032    i.__mathlib_dbl_infnan  m_ws.l(dunder.o)
    0x0800e462   0x00000004   Code   RO         1033    i.__mathlib_dbl_infnan2  m_ws.l(dunder.o)
    0x0800e466   0x0000000c   Code   RO         1034    i.__mathlib_dbl_invalid  m_ws.l(dunder.o)
    0x0800e472   0x0000000e   Code   RO         1035    i.__mathlib_dbl_overflow  m_ws.l(dunder.o)
    0x0800e480   0x00000010   Code   RO         1037    i.__mathlib_dbl_underflow  m_ws.l(dunder.o)
    0x0800e490   0x0000000e   Code   RO          808    i._is_digit         c_w.l(__printf_wp.o)
    0x0800e49e   0x00000002   PAD
    0x0800e4a0   0x000000dc   Code   RO          916    i.ceil              m_ws.l(ceil.o)
    0x0800e57c   0x000000dc   Code   RO          920    i.floor             m_ws.l(floor.o)
    0x0800e658   0x0000035c   Code   RO          924    i.log               m_ws.l(log.o)
    0x0800e9b4   0x000009d8   Code   RO          934    i.pow               m_ws.l(pow.o)
    0x0800f38c   0x000000a0   Code   RO          944    i.sin               m_ws.l(sin.o)
    0x0800f42c   0x0000004c   Code   RO          952    i.sqrt              m_ws.l(sqrt.o)
    0x0800f478   0x0000002c   Code   RO         1126    locale$$code        c_w.l(lc_numeric_c.o)
    0x0800f4a4   0x0000002c   Code   RO         1199    locale$$code        c_w.l(lc_ctype_c.o)
    0x0800f4d0   0x00000062   Code   RO          843    x$fpl$d2f           fz_ws.l(d2f.o)
    0x0800f532   0x00000002   PAD
    0x0800f534   0x00000150   Code   RO          845    x$fpl$dadd          fz_ws.l(daddsub_clz.o)
    0x0800f684   0x00000010   Code   RO         1128    x$fpl$dcheck1       fz_ws.l(dcheck1.o)
    0x0800f694   0x00000018   Code   RO         1011    x$fpl$dcmpinf       fz_ws.l(dcmpi.o)
    0x0800f6ac   0x000002b0   Code   RO          852    x$fpl$ddiv          fz_ws.l(ddiv.o)
    0x0800f95c   0x00000078   Code   RO          855    x$fpl$deqf          fz_ws.l(deqf.o)
    0x0800f9d4   0x0000005e   Code   RO          857    x$fpl$dfix          fz_ws.l(dfix.o)
    0x0800fa32   0x00000002   PAD
    0x0800fa34   0x0000005a   Code   RO          861    x$fpl$dfixu         fz_ws.l(dfixu.o)
    0x0800fa8e   0x0000002e   Code   RO          866    x$fpl$dflt          fz_ws.l(dflt_clz.o)
    0x0800fabc   0x00000026   Code   RO          865    x$fpl$dfltu         fz_ws.l(dflt_clz.o)
    0x0800fae2   0x00000002   PAD
    0x0800fae4   0x00000078   Code   RO          871    x$fpl$dleqf         fz_ws.l(dleqf.o)
    0x0800fb5c   0x00000154   Code   RO          873    x$fpl$dmul          fz_ws.l(dmul.o)
    0x0800fcb0   0x0000009c   Code   RO         1013    x$fpl$dnaninf       fz_ws.l(dnaninf.o)
    0x0800fd4c   0x0000000c   Code   RO         1015    x$fpl$dretinf       fz_ws.l(dretinf.o)
    0x0800fd58   0x0000006c   Code   RO          875    x$fpl$drleqf        fz_ws.l(drleqf.o)
    0x0800fdc4   0x00000016   Code   RO          846    x$fpl$drsb          fz_ws.l(daddsub_clz.o)
    0x0800fdda   0x00000002   PAD
    0x0800fddc   0x000001cc   Code   RO         1017    x$fpl$dsqrt         fz_ws.l(dsqrt_noumaal.o)
    0x0800ffa8   0x000001d4   Code   RO          847    x$fpl$dsub          fz_ws.l(daddsub_clz.o)
    0x0801017c   0x00000056   Code   RO          877    x$fpl$f2d           fz_ws.l(f2d.o)
    0x080101d2   0x00000002   PAD
    0x080101d4   0x000000c4   Code   RO          879    x$fpl$fadd          fz_ws.l(faddsub_clz.o)
    0x08010298   0x00000018   Code   RO         1019    x$fpl$fcmpinf       fz_ws.l(fcmpi.o)
    0x080102b0   0x00000184   Code   RO          886    x$fpl$fdiv          fz_ws.l(fdiv.o)
    0x08010434   0x00000068   Code   RO          889    x$fpl$feqf          fz_ws.l(feqf.o)
    0x0801049c   0x0000003e   Code   RO          891    x$fpl$ffixu         fz_ws.l(ffixu.o)
    0x080104da   0x00000002   PAD
    0x080104dc   0x00000030   Code   RO          896    x$fpl$fflt          fz_ws.l(fflt_clz.o)
    0x0801050c   0x00000026   Code   RO          895    x$fpl$ffltu         fz_ws.l(fflt_clz.o)
    0x08010532   0x00000002   PAD
    0x08010534   0x00000068   Code   RO          901    x$fpl$fleqf         fz_ws.l(fleqf.o)
    0x0801059c   0x00000102   Code   RO          903    x$fpl$fmul          fz_ws.l(fmul.o)
    0x0801069e   0x0000008c   Code   RO         1021    x$fpl$fnaninf       fz_ws.l(fnaninf.o)
    0x0801072a   0x0000000a   Code   RO         1023    x$fpl$fretinf       fz_ws.l(fretinf.o)
    0x08010734   0x00000062   Code   RO          905    x$fpl$frleqf        fz_ws.l(frleqf.o)
    0x08010796   0x00000002   PAD
    0x08010798   0x000000ea   Code   RO          881    x$fpl$fsub          fz_ws.l(faddsub_clz.o)
    0x08010882   0x00000004   Code   RO          907    x$fpl$printf1       fz_ws.l(printf1.o)
    0x08010886   0x00000004   Code   RO          909    x$fpl$printf2       fz_ws.l(printf2.o)
    0x0801088a   0x00000064   Code   RO         1194    x$fpl$retnan        fz_ws.l(retnan.o)
    0x080108ee   0x0000005c   Code   RO         1025    x$fpl$scalbn        fz_ws.l(scalbn.o)
    0x0801094a   0x00000030   Code   RO         1205    x$fpl$trapveneer    fz_ws.l(trapv.o)
    0x0801097a   0x00000000   Code   RO         1027    x$fpl$usenofp       fz_ws.l(usenofp.o)
    0x0801097a   0x00000002   PAD
    0x0801097c   0x00000200   Data   RO          381    .constdata          crc16.o
    0x08010b7c   0x00000024   Data   RO          517    .constdata          gps.o
    0x08010ba0   0x000017c0   Data   RO          533    .constdata          lcd.o
    0x08012360   0x00000028   Data   RO          796    .constdata          c_w.l(_printf_hex_int_ll_ptr.o)
    0x08012388   0x00000011   Data   RO          816    .constdata          c_w.l(__printf_flags_ss_wp.o)
    0x08012399   0x00000007   PAD
    0x080123a0   0x00000038   Data   RO          925    .constdata          m_ws.l(log.o)
    0x080123d8   0x00000088   Data   RO          935    .constdata          m_ws.l(pow.o)
    0x08012460   0x00000026   Data   RO          973    .constdata          c_w.l(_printf_fp_hex.o)
    0x08012486   0x00000002   PAD
    0x08012488   0x00000008   Data   RO          984    .constdata          c_w.l(_printf_wctomb.o)
    0x08012490   0x00000030   Data   RO         1029    .constdata          m_ws.l(cos_i.o)
    0x080124c0   0x00000008   Data   RO         1049    .constdata          m_ws.l(qnan.o)
    0x080124c8   0x000000c8   Data   RO         1052    .constdata          m_ws.l(rred.o)
    0x08012590   0x00000028   Data   RO         1056    .constdata          m_ws.l(sin_i.o)
    0x080125b8   0x00000094   Data   RO         1095    .constdata          c_w.l(bigflt0.o)
    0x0801264c   0x000000cf   Data   RO            4    .conststring        main.o
    0x0801271b   0x00000001   PAD
    0x0801271c   0x00000020   Data   RO         1276    Region$$Table       anon$$obj.o
    0x0801273c   0x0000001c   Data   RO         1125    locale$$data        c_w.l(lc_numeric_c.o)
    0x08012758   0x00000110   Data   RO         1198    locale$$data        c_w.l(lc_ctype_c.o)


    Execution Region RW_IRAM1 (Base: 0x20000000, Size: 0x0000ef08, Max: 0x00010000, ABSOLUTE, COMPRESSED[0x0000002c])

    Base Addr    Size         Type   Attr      Idx    E Section Name        Object

    0x20000000   0x000000d0   Data   RW            5    .data               main.o
    0x200000d0   0x00000014   Data   RW          254    .data               system_stm32f10x.o
    0x200000e4   0x00000001   Data   RW          272    .data               key.o
    0x200000e5   0x00000001   PAD
    0x200000e6   0x00000006   Data   RW          285    .data               adcdouble.o
    0x200000ec   0x00000044   Data   RW          328    .data               mqtt.o
    0x20000130   0x00000001   Data   RW          360    .data               wifi.o
    0x20000131   0x00000003   PAD
    0x20000134   0x0000000d   Data   RW          395    .data               rs485.o
    0x20000141   0x00000003   PAD
    0x20000144   0x00000008   Data   RW          425    .data               uart4.o
    0x2000014c   0x00000004   Data   RW          534    .data               lcd.o
    0x20000150   0x00000001   Data   RW          580    .data               nvic.o
    0x20000151   0x00000001   PAD
    0x20000152   0x00000004   Data   RW          599    .data               delay.o
    0x20000156   0x00000002   PAD
    0x20000158   0x0000000a   Data   RW          631    .data               usart.o
    0x20000162   0x00000014   Data   RW          730    .data               stm32f10x_rcc.o
    0x20000176   0x00000002   PAD
    0x20000178   0x0000a360   Zero   RW            2    .bss                main.o
    0x2000a4d8   0x00003400   Zero   RW          327    .bss                mqtt.o
    0x2000d8d8   0x00000100   Zero   RW          394    .bss                rs485.o
    0x2000d9d8   0x00000800   Zero   RW          424    .bss                uart4.o
    0x2000e1d8   0x0000000e   Zero   RW          532    .bss                lcd.o
    0x2000e1e6   0x0000000d   Zero   RW          579    .bss                nvic.o
    0x2000e1f3   0x00000005   PAD
    0x2000e1f8   0x000006b0   Zero   RW          630    .bss                usart.o
    0x2000e8a8   0x00000060   Zero   RW         1133    .bss                c_w.l(libspace.o)
    0x2000e908   0x00000200   Zero   RW          663    HEAP                startup_stm32f10x_hd.o
    0x2000eb08   0x00000400   Zero   RW          662    STACK               startup_stm32f10x_hd.o


==============================================================================

Image component sizes


      Code (inc. data)   RO Data    RW Data    ZI Data      Debug   Object Name

       300         16          0          6          0       1441   adcdouble.o
        88          8        512          0          0        731   crc16.o
       212         18          0          4          0        963   delay.o
      2324         74         36          0          0       6405   gps.o
       388         14          0          1          0       1058   key.o
     19036        162       6080          4         14      22062   lcd.o
        76          8          0          0          0        459   led.o
      6632       1140        207        208      41824     290683   main.o
      1012         68          0          0          0       1999   max31865.o
       220         22          0          0          0       1721   misc.o
        76          6          0          0          0        606   mma7361.o
      2032        334          0         68      13312       5232   mqtt.o
       152         22          0          1         13        528   nvic.o
      1620        226          0         13        256       3658   rs485.o
        64         26        304          0       1536        760   startup_stm32f10x_hd.o
      1102         26          0          0          0      10961   stm32f10x_adc.o
       596          8          0          0          0      14086   stm32f10x_dma.o
      1548         18          0          0          0       5299   stm32f10x_fsmc.o
       860         38          0          0          0       5653   stm32f10x_gpio.o
       428         52          0          0          0       1979   stm32f10x_it.o
       932         36          0         20          0       8792   stm32f10x_rcc.o
      3610         88          0          0          0      22760   stm32f10x_tim.o
      1032         22          0          0          0       8380   stm32f10x_usart.o
         0          0          0          0          0         32   sys.o
       480         38          0         20          0       1623   system_stm32f10x.o
       140          8          0          0          0        756   timer.o
       118          0          0          0          0        542   timer2.o
       236          6          0          0          0        789   timer3.o
       112          6          0          0          0        640   timer4.o
       324         12          0          8       2048       2451   uart4.o
      1332         68          0         10       1712       6769   usart.o
      2192       1142          0          1          0       2952   wifi.o

    ----------------------------------------------------------------------
     49278       3712       7172        376      60720     432770   Object Totals
         0          0         32          0          0          0   (incl. Generated)
         4          0          1         12          5          0   (incl. Padding)

    ----------------------------------------------------------------------

      Code (inc. data)   RO Data    RW Data    ZI Data      Debug   Library Member Name

        24          4          0          0          0         84   __2printf.o
        44          6          0          0          0         84   __2sprintf.o
        90          0          0          0          0          0   __dczerorl2.o
         8          0          0          0          0         68   __main.o
       392          4         17          0          0         92   __printf_flags_ss_wp.o
        14          0          0          0          0         68   __printf_wp.o
         0          0          0          0          0          0   __rtentry.o
        12          0          0          0          0          0   __rtentry2.o
         6          0          0          0          0          0   __rtentry4.o
        52          8          0          0          0          0   __scatter.o
        28          0          0          0          0          0   __scatter_zi.o
         6          0          0          0          0          0   _printf_a.o
         6          0          0          0          0          0   _printf_c.o
        44          0          0          0          0        108   _printf_char.o
        48          6          0          0          0         96   _printf_char_common.o
        36          4          0          0          0         80   _printf_char_file.o
        40          0          0          0          0         68   _printf_charcount.o
         6          0          0          0          0          0   _printf_d.o
       120         16          0          0          0         92   _printf_dec.o
         6          0          0          0          0          0   _printf_e.o
         6          0          0          0          0          0   _printf_f.o
      1050          0          0          0          0        216   _printf_fp_dec.o
       764          8         38          0          0        100   _printf_fp_hex.o
       128         16          0          0          0         84   _printf_fp_infnan.o
         6          0          0          0          0          0   _printf_g.o
       148          4         40          0          0        160   _printf_hex_int_ll_ptr.o
         6          0          0          0          0          0   _printf_i.o
       178          0          0          0          0         88   _printf_intcommon.o
        10          0          0          0          0          0   _printf_l.o
         6          0          0          0          0          0   _printf_lc.o
        10          0          0          0          0          0   _printf_ll.o
         6          0          0          0          0          0   _printf_lld.o
         6          0          0          0          0          0   _printf_lli.o
         6          0          0          0          0          0   _printf_llo.o
         6          0          0          0          0          0   _printf_llu.o
         6          0          0          0          0          0   _printf_llx.o
       124         16          0          0          0         92   _printf_longlong_dec.o
         6          0          0          0          0          0   _printf_ls.o
         6          0          0          0          0          0   _printf_n.o
         6          0          0          0          0          0   _printf_o.o
       112          8          0          0          0        124   _printf_oct_int_ll.o
         6          0          0          0          0          0   _printf_p.o
        78          0          0          0          0        108   _printf_pad.o
         0          0          0          0          0          0   _printf_percent.o
         4          0          0          0          0          0   _printf_percent_end.o
         6          0          0          0          0          0   _printf_s.o
        82          0          0          0          0         80   _printf_str.o
        36          0          0          0          0         84   _printf_truncate.o
         6          0          0          0          0          0   _printf_u.o
        44          0          0          0          0        108   _printf_wchar.o
       188          6          8          0          0         92   _printf_wctomb.o
         6          0          0          0          0          0   _printf_x.o
        22          0          0          0          0        100   _rserrno.o
        10          0          0          0          0         68   _sputc.o
        64          0          0          0          0         92   _wcrtomb.o
        16          0          0          0          0         68   aeabi_memset.o
       220          4        148          0          0         96   bigflt0.o
      1910        128          0          0          0        672   btod.o
        18          0          0          0          0         80   exit.o
         8          0          0          0          0         68   ferror.o
         6          0          0          0          0        152   heapauxi.o
        44         10        272          0          0         76   lc_ctype_c.o
        44         10         28          0          0         76   lc_numeric_c.o
         2          0          0          0          0          0   libinit.o
        30          0          0          0          0          0   libinit2.o
         2          0          0          0          0          0   libshutdown.o
         2          0          0          0          0          0   libshutdown2.o
         8          4          0          0         96         68   libspace.o
       138          0          0          0          0         80   lludiv10.o
        16          4          0          0          0         76   rt_ctype_table.o
         8          4          0          0          0         68   rt_errno_addr_intlibspace.o
         8          4          0          0          0         68   rt_locale_intlibspace.o
        68          0          0          0          0         68   rt_memclr.o
        78          0          0          0          0         80   rt_memclr_w.o
       138          0          0          0          0         68   rt_memcpy_v6.o
       100          0          0          0          0         80   rt_memcpy_w.o
         2          0          0          0          0          0   rtexit.o
        10          0          0          0          0          0   rtexit2.o
       128          0          0          0          0         68   strcmpv7m.o
        62          0          0          0          0         76   strlen.o
        36          0          0          0          0         80   strstr.o
        74          0          0          0          0         80   sys_stackheap_outer.o
         2          0          0          0          0         68   use_no_semi.o
         2          0          0          0          0         68   use_no_semi_2.o
        36          4          0          0          0         76   vsprintf.o
        98          4          0          0          0         92   d2f.o
       826         16          0          0          0        348   daddsub_clz.o
        16          4          0          0          0         68   dcheck1.o
        24          0          0          0          0         68   dcmpi.o
       688        140          0          0          0        208   ddiv.o
       120          4          0          0          0         92   deqf.o
        94          4          0          0          0         92   dfix.o
        90          4          0          0          0         92   dfixu.o
        84          0          0          0          0        136   dflt_clz.o
       120          4          0          0          0         92   dleqf.o
       340         12          0          0          0        104   dmul.o
       156          4          0          0          0         92   dnaninf.o
        12          0          0          0          0         68   dretinf.o
       108          0          0          0          0         80   drleqf.o
       460         56          0          0          0        120   dsqrt_noumaal.o
        86          4          0          0          0         84   f2d.o
       430          8          0          0          0        168   faddsub_clz.o
        24          0          0          0          0         68   fcmpi.o
       388         76          0          0          0         96   fdiv.o
       104          4          0          0          0         84   feqf.o
        62          4          0          0          0         84   ffixu.o
        86          0          0          0          0        136   fflt_clz.o
       104          4          0          0          0         84   fleqf.o
       258          4          0          0          0         84   fmul.o
       140          4          0          0          0         84   fnaninf.o
        10          0          0          0          0         68   fretinf.o
        98          0          0          0          0         68   frleqf.o
         4          0          0          0          0         68   printf1.o
         4          0          0          0          0         68   printf2.o
       100          0          0          0          0         68   retnan.o
        92          0          0          0          0         68   scalbn.o
        48          0          0          0          0         68   trapv.o
         0          0          0          0          0          0   usenofp.o
       220         16          0          0          0         84   ceil.o
       252         22         48          0          0        124   cos_i.o
        68         10          0          0          0        408   dunder.o
       220         16          0          0          0         84   floor.o
        40          0          0          0          0         68   fpclassify.o
       860         52         56          0          0        256   log.o
       170          0          0          0          0         96   poly.o
      2520        190        136          0          0        324   pow.o
         0          0          8          0          0          0   qnan.o
       904         76        200          0          0        140   rred.o
       160         10          0          0          0        108   sin.o
       236         12         40          0          0        128   sin_i.o
        76          0          0          0          0         84   sqrt.o

    ----------------------------------------------------------------------
     18382       1042       1048          0         96      10000   Library Totals
        36          0          9          0          0          0   (incl. Padding)

    ----------------------------------------------------------------------

      Code (inc. data)   RO Data    RW Data    ZI Data      Debug   Library Name

      7346        278        551          0         96       4896   c_w.l
      5274        360          0          0          0       3200   fz_ws.l
      5726        404        488          0          0       1904   m_ws.l

    ----------------------------------------------------------------------
     18382       1042       1048          0         96      10000   Library Totals

    ----------------------------------------------------------------------

==============================================================================


      Code (inc. data)   RO Data    RW Data    ZI Data      Debug   

     67660       4754       8220        376      60816     434706   Grand Totals
     67660       4754       8220         44      60816     434706   ELF Image Totals (compressed)
     67660       4754       8220         44          0          0   ROM Totals

==============================================================================

    Total RO  Size (Code + RO Data)                75880 (  74.10kB)
    Total RW  Size (RW Data + ZI Data)             61192 (  59.76kB)
    Total ROM Size (Code + RO Data + RW Data)      75924 (  74.14kB)

==============================================================================

